Component: ARM Compiler 5.06 update 7 (build 960) Tool: armlink [4d3601]

==============================================================================

Section Cross References

    startup_stm32f411xe.o(RESET) refers to startup_stm32f411xe.o(STACK) for __initial_sp
    startup_stm32f411xe.o(RESET) refers to startup_stm32f411xe.o(.text) for Reset_Handler
    startup_stm32f411xe.o(RESET) refers to stm32f4xx_it.o(i.NMI_Handler) for NMI_Handler
    startup_stm32f411xe.o(RESET) refers to stm32f4xx_it.o(i.HardFault_Handler) for HardFault_Handler
    startup_stm32f411xe.o(RESET) refers to stm32f4xx_it.o(i.MemManage_Handler) for MemManage_Handler
    startup_stm32f411xe.o(RESET) refers to stm32f4xx_it.o(i.BusFault_Handler) for BusFault_Handler
    startup_stm32f411xe.o(RESET) refers to stm32f4xx_it.o(i.UsageFault_Handler) for UsageFault_Handler
    startup_stm32f411xe.o(RESET) refers to port.o(.emb_text) for SVC_Handler
    startup_stm32f411xe.o(RESET) refers to stm32f4xx_it.o(i.DebugMon_Handler) for DebugMon_Handler
    startup_stm32f411xe.o(RESET) refers to stm32f4xx_it.o(i.SysTick_Handler) for SysTick_Handler
    startup_stm32f411xe.o(RESET) refers to stm32f4xx_it.o(i.EXTI9_5_IRQHandler) for EXTI9_5_IRQHandler
    startup_stm32f411xe.o(RESET) refers to stm32f4xx_it.o(i.TIM2_IRQHandler) for TIM2_IRQHandler
    startup_stm32f411xe.o(RESET) refers to stm32f4xx_it.o(i.USART2_IRQHandler) for USART2_IRQHandler
    startup_stm32f411xe.o(RESET) refers to stm32f4xx_it.o(i.DMA2_Stream0_IRQHandler) for DMA2_Stream0_IRQHandler
    startup_stm32f411xe.o(RESET) refers to stm32f4xx_it.o(i.USART6_IRQHandler) for USART6_IRQHandler
    startup_stm32f411xe.o(.text) refers to system_stm32f4xx.o(i.SystemInit) for SystemInit
    startup_stm32f411xe.o(.text) refers to entry.o(.ARM.Collect$$$$00000000) for __main
    main.o(i.SystemClock_Config) refers to memseta.o(.text) for __aeabi_memclr4
    main.o(i.SystemClock_Config) refers to stm32f4xx_hal_rcc.o(i.HAL_RCC_OscConfig) for HAL_RCC_OscConfig
    main.o(i.SystemClock_Config) refers to stm32f4xx_hal_rcc.o(i.HAL_RCC_ClockConfig) for HAL_RCC_ClockConfig
    main.o(i.main) refers to stm32f4xx_hal.o(i.HAL_Init) for HAL_Init
    main.o(i.main) refers to main.o(i.SystemClock_Config) for SystemClock_Config
    main.o(i.main) refers to gpio.o(i.MX_GPIO_Init) for MX_GPIO_Init
    main.o(i.main) refers to dma.o(i.MX_DMA_Init) for MX_DMA_Init
    main.o(i.main) refers to adc.o(i.MX_ADC1_Init) for MX_ADC1_Init
    main.o(i.main) refers to usart.o(i.MX_USART1_UART_Init) for MX_USART1_UART_Init
    main.o(i.main) refers to usart.o(i.MX_USART2_UART_Init) for MX_USART2_UART_Init
    main.o(i.main) refers to usart.o(i.MX_USART6_UART_Init) for MX_USART6_UART_Init
    main.o(i.main) refers to tim.o(i.MX_TIM4_Init) for MX_TIM4_Init
    main.o(i.main) refers to tim.o(i.MX_TIM2_Init) for MX_TIM2_Init
    main.o(i.main) refers to tim.o(i.MX_TIM3_Init) for MX_TIM3_Init
    main.o(i.main) refers to iwdg.o(i.MX_IWDG_Init) for MX_IWDG_Init
    main.o(i.main) refers to i2c.o(i.MX_I2C3_Init) for MX_I2C3_Init
    main.o(i.main) refers to rtc.o(i.MX_RTC_Init) for MX_RTC_Init
    main.o(i.main) refers to tim.o(i.MX_TIM11_Init) for MX_TIM11_Init
    main.o(i.main) refers to freertos.o(i.MX_FREERTOS_Init) for MX_FREERTOS_Init
    main.o(i.main) refers to cmsis_os.o(i.osKernelStart) for osKernelStart
    gpio.o(i.MX_GPIO_Init) refers to memseta.o(.text) for __aeabi_memclr4
    gpio.o(i.MX_GPIO_Init) refers to stm32f4xx_hal_gpio.o(i.HAL_GPIO_WritePin) for HAL_GPIO_WritePin
    gpio.o(i.MX_GPIO_Init) refers to stm32f4xx_hal_gpio.o(i.HAL_GPIO_Init) for HAL_GPIO_Init
    gpio.o(i.MX_GPIO_Init) refers to stm32f4xx_hal_cortex.o(i.HAL_NVIC_SetPriority) for HAL_NVIC_SetPriority
    gpio.o(i.MX_GPIO_Init) refers to stm32f4xx_hal_cortex.o(i.HAL_NVIC_EnableIRQ) for HAL_NVIC_EnableIRQ
    freertos.o(i.HAL_GPIO_EXTI_Callback) refers to stm32f4xx_hal_gpio.o(i.HAL_GPIO_ReadPin) for HAL_GPIO_ReadPin
    freertos.o(i.HAL_GPIO_EXTI_Callback) refers to freertos.o(.data) for .data
    freertos.o(i.MX_FREERTOS_Init) refers to memcpya.o(.text) for __aeabi_memcpy4
    freertos.o(i.MX_FREERTOS_Init) refers to cmsis_os.o(i.osThreadCreate) for osThreadCreate
    freertos.o(i.MX_FREERTOS_Init) refers to freertos.o(.constdata) for .constdata
    freertos.o(i.MX_FREERTOS_Init) refers to freertos.o(.data) for .data
    freertos.o(i.StartDefaultTask) refers to oled.o(i.OLED_Init) for OLED_Init
    freertos.o(i.StartDefaultTask) refers to dht11.o(i.DHT11_Init) for DHT11_Init
    freertos.o(i.StartDefaultTask) refers to stm32f4xx_hal_adc.o(i.HAL_ADC_Start) for HAL_ADC_Start
    freertos.o(i.StartDefaultTask) refers to gizwits_product.o(i.timerInit) for timerInit
    freertos.o(i.StartDefaultTask) refers to gizwits_product.o(i.uartInit) for uartInit
    freertos.o(i.StartDefaultTask) refers to gizwits_product.o(i.userInit) for userInit
    freertos.o(i.StartDefaultTask) refers to gizwits_protocol.o(i.gizwitsInit) for gizwitsInit
[...]
    i.vListInitialise                        0x080066d0   Section        0  list.o(i.vListInitialise)
    i.vListInitialiseItem                    0x080066e6   Section        0  list.o(i.vListInitialiseItem)
    i.vListInsert                            0x080066ec   Section        0  list.o(i.vListInsert)
    i.vListInsertEnd                         0x0800671c   Section        0  list.o(i.vListInsertEnd)
    i.vPortEnterCritical                     0x08006734   Section        0  port.o(i.vPortEnterCritical)
    i.vPortExitCritical                      0x08006774   Section        0  port.o(i.vPortExitCritical)
    i.vPortFree                              0x0800679c   Section        0  heap_4.o(i.vPortFree)
    i.vPortSetupTimerInterrupt               0x08006800   Section        0  port.o(i.vPortSetupTimerInterrupt)
    i.vTaskDelay                             0x08006824   Section        0  tasks.o(i.vTaskDelay)
    i.vTaskStartScheduler                    0x08006870   Section        0  tasks.o(i.vTaskStartScheduler)
    i.vTaskSuspendAll                        0x080068dc   Section        0  tasks.o(i.vTaskSuspendAll)
    i.vTaskSwitchContext                     0x080068ec   Section        0  tasks.o(i.vTaskSwitchContext)
    i.xPortStartScheduler                    0x08006948   Section        0  port.o(i.xPortStartScheduler)
    i.xPortSysTickHandler                    0x08006a3c   Section        0  port.o(i.xPortSysTickHandler)
    i.xTaskCreate                            0x08006a68   Section        0  tasks.o(i.xTaskCreate)
    i.xTaskCreateStatic                      0x08006ac2   Section        0  tasks.o(i.xTaskCreateStatic)
    i.xTaskGetSchedulerState                 0x08006b18   Section        0  tasks.o(i.xTaskGetSchedulerState)
    i.xTaskIncrementTick                     0x08006b34   Section        0  tasks.o(i.xTaskIncrementTick)
    i.xTaskResumeAll                         0x08006c00   Section        0  tasks.o(i.xTaskResumeAll)
    .constdata                               0x08006cc4   Section       56  freertos.o(.constdata)
    .constdata                               0x08006cfc   Section        8  stm32f4xx_hal_dma.o(.constdata)
    flagBitshiftOffset                       0x08006cfc   Data           8  stm32f4xx_hal_dma.o(.constdata)
    .constdata                               0x08006d04   Section       16  system_stm32f4xx.o(.constdata)
    .constdata                               0x08006d14   Section        8  system_stm32f4xx.o(.constdata)
    .constdata                               0x08006d1c   Section     6080  oled.o(.constdata)
    .conststring                             0x080084dc   Section       24  freertos.o(.conststring)
    .data                                    0x20000000   Section       28  freertos.o(.data)
    .data                                    0x2000001c   Section        5  freertos.o(.data)
    .data                                    0x20000024   Section       12  stm32f4xx_hal.o(.data)
    .data                                    0x20000030   Section        4  system_stm32f4xx.o(.data)
    .data                                    0x20000034   Section        8  atgm336h.o(.data)
    .data                                    0x2000003c   Section       10  hal_key.o(.data)
    keyTotolNum                              0x2000003c   Data           1  hal_key.o(.data)
    keyCheck                                 0x2000003d   Data           1  hal_key.o(.data)
    keyState                                 0x2000003e   Data           1  hal_key.o(.data)
    key_total                                0x2000003f   Data           1  hal_key.o(.data)
    keyLongCheck                             0x20000042   Data           2  hal_key.o(.data)
    keyPrev                                  0x20000044   Data           2  hal_key.o(.data)
    .data                                    0x20000048   Section        8  gizwits_product.o(.data)
    timerMsCount                             0x2000004c   Data           4  gizwits_product.o(.data)
    .data                                    0x20000050   Section       16  gizwits_protocol.o(.data)
    protocolFlag                             0x20000050   Data           1  gizwits_protocol.o(.data)
    lastData                                 0x20000051   Data           1  gizwits_protocol.o(.data)
    debugCount                               0x20000052   Data           1  gizwits_protocol.o(.data)
    protocolCount                            0x20000054   Data           2  gizwits_protocol.o(.data)
    lastStatus                               0x20000056   Data           2  gizwits_protocol.o(.data)
    lastReportTime                           0x20000058   Data           4  gizwits_protocol.o(.data)
    lastRepTime                              0x2000005c   Data           4  gizwits_protocol.o(.data)
    .data                                    0x20000060   Section       60  tasks.o(.data)
    uxDeletedTasksWaitingCleanUp             0x20000064   Data           4  tasks.o(.data)
    uxCurrentNumberOfTasks                   0x20000068   Data           4  tasks.o(.data)
    xTickCount                               0x2000006c   Data           4  tasks.o(.data)
    uxTopReadyPriority                       0x20000070   Data           4  tasks.o(.data)
    xSchedulerRunning                        0x20000074   Data           4  tasks.o(.data)
    xPendedTicks                             0x20000078   Data           4  tasks.o(.data)
    xYieldPending                            0x2000007c   Data           4  tasks.o(.data)
    xNumOfOverflows                          0x20000080   Data           4  tasks.o(.data)
    uxTaskNumber                             0x20000084   Data           4  tasks.o(.data)
    xNextTaskUnblockTime                     0x20000088   Data           4  tasks.o(.data)
    xIdleTaskHandle                          0x2000008c   Data           4  tasks.o(.data)
    uxSchedulerSuspended                     0x20000090   Data           4  tasks.o(.data)
    pxDelayedTaskList                        0x20000094   Data           4  tasks.o(.data)
    pxOverflowDelayedTaskList                0x20000098   Data           4  tasks.o(.data)
    .data                                    0x2000009c   Section       32  heap_4.o(.data)
    pxEnd                                    0x2000009c   Data           4  heap_4.o(.data)
    xFreeBytesRemaining                      0x200000a0   Data           4  heap_4.o(.data)
    xMinimumEverFreeBytesRemaining           0x200000a4   Data           4  heap_4.o(.data)
    xNumberOfSuccessfulAllocations           0x200000a8   Data           4  heap_4.o(.data)
    xNumberOfSuccessfulFrees                 0x200000ac   Data           4  heap_4.o(.data)
    xBlockAllocatedBit                       0x200000b0   Data           4  heap_4.o(.data)
    xStart                                   0x200000b4   Data           8  heap_4.o(.data)
    .data                                    0x200000bc   Section       12  port.o(.data)
    ucMaxSysCallPriority                     0x200000bc   Data           1  port.o(.data)
    uxCriticalNesting                        0x200000c0   Data           4  port.o(.data)
    ulMaxPRIGROUPValue                       0x200000c4   Data           4  port.o(.data)
    .data                                    0x200000c8   Section        4  stdout.o(.data)
    .bss                                     0x200000cc   Section      596  freertos.o(.bss)
    xIdleTaskTCBBuffer                       0x200000cc   Data          84  freertos.o(.bss)
    xIdleStack                               0x20000120   Data         512  freertos.o(.bss)
    .bss                                     0x20000320   Section      168  adc.o(.bss)
    .bss                                     0x200003c8   Section       84  i2c.o(.bss)
    .bss                                     0x2000041c   Section       12  iwdg.o(.bss)
    .bss                                     0x20000428   Section       32  rtc.o(.bss)
    .bss                                     0x20000448   Section      288  tim.o(.bss)
    .bss                                     0x20000568   Section      216  usart.o(.bss)
    .bss                                     0x20000640   Section      333  atgm336h.o(.bss)
    .bss                                     0x2000078d   Section     1024  oled.o(.bss)
    .bss                                     0x20000b8d   Section       16  gizwits_product.o(.bss)
    .bss                                     0x20000ba0   Section      512  gizwits_protocol.o(.bss)
    rbBuf                                    0x20000d30   Data         112  gizwits_protocol.o(.bss)
    .bss                                     0x20000da0   Section      240  tasks.o(.bss)
    pxReadyTasksLists                        0x20000da0   Data         140  tasks.o(.bss)
    xDelayedTaskList1                        0x20000e2c   Data          20  tasks.o(.bss)
    xDelayedTaskList2                        0x20000e40   Data          20  tasks.o(.bss)
    xPendingReadyList                        0x20000e54   Data          20  tasks.o(.bss)
    xTasksWaitingTermination                 0x20000e68   Data          20  tasks.o(.bss)
    xSuspendedTaskList                       0x20000e7c   Data          20  tasks.o(.bss)
    .bss                                     0x20000e90   Section    15360  heap_4.o(.bss)
    ucHeap                                   0x20000e90   Data       15360  heap_4.o(.bss)
    STACK                                    0x20004a90   Section     1024  startup_stm32f411xe.o(STACK)

    Global Symbols

    Symbol Name                              Value     Ov Type        Size  Object(Section)

    BuildAttributes$$THM_ISAv4$E$P$D$K$B$S$7EM$VFPi3$EXTD16$VFPS$VFMA$PE$A:L22UL41UL21$X:L11$S22US41US21$IEEE1$IW$USESV6$~STKCKD$USESV7$~SHL$OTIME$ROPI$EBA8$MICROLIB$REQ8$PRES8$EABIv2 0x00000000   Number         0  anon$$obj.o ABSOLUTE
    __ARM_use_no_argv                        0x00000000   Number         0  main.o ABSOLUTE
    _printf_a                                0x00000000   Number         0  stubs.o ABSOLUTE
    _printf_c                                0x00000000   Number         0  stubs.o ABSOLUTE
    _printf_charcount                        0x00000000   Number         0  stubs.o ABSOLUTE
    _printf_d                                0x00000000   Number         0  stubs.o ABSOLUTE
    _printf_e                                0x00000000   Number         0  stubs.o ABSOLUTE
    _printf_f                                0x00000000   Number         0  stubs.o ABSOLUTE
    _printf_flags                            0x00000000   Number         0  stubs.o ABSOLUTE
    _printf_fp_dec                           0x00000000   Number         0  stubs.o ABSOLUTE
    _printf_fp_hex                           0x00000000   Number         0  stubs.o ABSOLUTE
    _printf_g                                0x00000000   Number         0  stubs.o ABSOLUTE
    _printf_i                                0x00000000   Number         0  stubs.o ABSOLUTE
    _printf_int_dec                          0x00000000   Number         0  stubs.o ABSOLUTE
    _printf_l                                0x00000000   Number         0  stubs.o ABSOLUTE
    _printf_lc                               0x00000000   Number         0  stubs.o ABSOLUTE
    _printf_ll                               0x00000000   Number         0  stubs.o ABSOLUTE
    _printf_lld                              0x00000000   Number         0  stubs.o ABSOLUTE
    _printf_lli                              0x00000000   Number         0  stubs.o ABSOLUTE
    _printf_llo                              0x00000000   Number         0  stubs.o ABSOLUTE
    _printf_llu                              0x00000000   Number         0  stubs.o ABSOLUTE
    _printf_llx                              0x00000000   Number         0  stubs.o ABSOLUTE
    _printf_longlong_dec                     0x00000000   Number         0  stubs.o ABSOLUTE
    _printf_longlong_hex                     0x00000000   Number         0  stubs.o ABSOLUTE
    _printf_longlong_oct                     0x00000000   Number         0  stubs.o ABSOLUTE
    _printf_ls                               0x00000000   Number         0  stubs.o ABSOLUTE
    _printf_mbtowc                           0x00000000   Number         0  stubs.o ABSOLUTE
    _printf_n                                0x00000000   Number         0  stubs.o ABSOLUTE
    _printf_o                                0x00000000   Number         0  stubs.o ABSOLUTE
    _printf_p                                0x00000000   Number         0  stubs.o ABSOLUTE
    _printf_percent                          0x00000000   Number         0  stubs.o ABSOLUTE
    _printf_pre_padding                      0x00000000   Number         0  stubs.o ABSOLUTE
    _printf_return_value                     0x00000000   Number         0  stubs.o ABSOLUTE
    _printf_s                                0x00000000   Number         0  stubs.o ABSOLUTE
    _printf_sizespec                         0x00000000   Number         0  stubs.o ABSOLUTE
    _printf_str                              0x00000000   Number         0  stubs.o ABSOLUTE
    _printf_truncate_signed                  0x00000000   Number         0  stubs.o ABSOLUTE
    _printf_truncate_unsigned                0x00000000   Number         0  stubs.o ABSOLUTE
    _printf_u                                0x00000000   Number         0  stubs.o ABSOLUTE
    _printf_wc                               0x00000000   Number         0  stubs.o ABSOLUTE
    _printf_wctomb                           0x00000000   Number         0  stubs.o ABSOLUTE
    _printf_widthprec                        0x00000000   Number         0  stubs.o ABSOLUTE
    _printf_x                                0x00000000   Number         0  stubs.o ABSOLUTE
    __arm_fini_                               - Undefined Weak Reference
    __cpp_initialize__aeabi_                  - Undefined Weak Reference
    __cxa_finalize                            - Undefined Weak Reference
    __decompress                              - Undefined Weak Reference
    _clock_init                               - Undefined Weak Reference
    _microlib_exit                            - Undefined Weak Reference
    __Vectors_Size                           0x00000198   Number         0  startup_stm32f411xe.o ABSOLUTE
    __Vectors                                0x08000000   Data           4  startup_stm32f411xe.o(RESET)
    __Vectors_End                            0x08000198   Data           0  startup_stm32f411xe.o(RESET)
    __main                                   0x08000199   Thumb Code     0  entry.o(.ARM.Collect$$$$00000000)
    _main_stk                                0x08000199   Thumb Code     0  entry2.o(.ARM.Collect$$$$00000001)
    _main_scatterload                        0x0800019d   Thumb Code     0  entry5.o(.ARM.Collect$$$$00000004)
    __main_after_scatterload                 0x080001a1   Thumb Code     0  entry5.o(.ARM.Collect$$$$00000004)
    _main_clock                              0x080001a1   Thumb Code     0  entry7b.o(.ARM.Collect$$$$00000008)
    _main_cpp_init                           0x080001a1   Thumb Code     0  entry8b.o(.ARM.Collect$$$$0000000A)
    _main_init                               0x080001a1   Thumb Code     0  entry9a.o(.ARM.Collect$$$$0000000B)
    __rt_lib_shutdown_fini                   0x080001a9   Thumb Code     0  entry12b.o(.ARM.Collect$$$$0000000E)
    __rt_final_cpp                           0x080001ad   Thumb Code     0  entry10a.o(.ARM.Collect$$$$0000000F)
    __rt_final_exit                          0x080001ad   Thumb Code     0  entry11a.o(.ARM.Collect$$$$00000011)
    SVC_Handler                              0x080001b1   Thumb Code    28  port.o(.emb_text)
    __asm___6_port_c_39a90d8d__prvStartFirstTask 0x080001d1   Thumb Code    36  port.o(.emb_text)
    __asm___6_port_c_39a90d8d__prvEnableVFP  0x080001f9   Thumb Code    16  port.o(.emb_text)
    PendSV_Handler                           0x0800020d   Thumb Code    88  port.o(.emb_text)
    vPortGetIPSR                             0x08000269   Thumb Code     6  port.o(.emb_text)
    Reset_Handler                            0x08000271   Thumb Code     8  startup_stm32f411xe.o(.text)
    ADC_IRQHandler                           0x0800028b   Thumb Code     0  startup_stm32f411xe.o(.text)
    DMA1_Stream0_IRQHandler                  0x0800028b   Thumb Code     0  startup_stm32f411xe.o(.text)
    DMA1_Stream1_IRQHandler                  0x0800028b   Thumb Code     0  startup_stm32f411xe.o(.text)
    DMA1_Stream2_IRQHandler                  0x0800028b   Thumb Code     0  startup_stm32f411xe.o(.text)
    DMA1_Stream3_IRQHandler                  0x0800028b   Thumb Code     0  startup_stm32f411xe.o(.text)
    DMA1_Stream4_IRQHandler                  0x0800028b   Thumb Code     0  startup_stm32f411xe.o(.text)
    DMA1_Stream5_IRQHandler                  0x0800028b   Thumb Code     0  startup_stm32f411xe.o(.text)
    DMA1_Stream6_IRQHandler                  0x0800028b   Thumb Code     0  startup_stm32f411xe.o(.text)
    DMA1_Stream7_IRQHandler                  0x0800028b   Thumb Code     0  startup_stm32f411xe.o(.text)
    DMA2_Stream1_IRQHandler                  0x0800028b   Thumb Code     0  startup_stm32f411xe.o(.text)
    DMA2_Stream2_IRQHandler                  0x0800028b   Thumb Code     0  startup_stm32f411xe.o(.text)
    DMA2_Stream3_IRQHandler                  0x0800028b   Thumb Code     0  startup_stm32f411xe.o(.text)
    DMA2_Stream4_IRQHandler                  0x0800028b   Thumb Code     0  startup_stm32f411xe.o(.text)
    DMA2_Stream5_IRQHandler                  0x0800028b   Thumb Code     0  startup_stm32f411xe.o(.text)
    DMA2_Stream6_IRQHandler                  0x0800028b   Thumb Code     0  startup_stm32f411xe.o(.text)
    DMA2_Stream7_IRQHandler                  0x0800028b   Thumb Code     0  startup_stm32f411xe.o(.text)
    EXTI0_IRQHandler                         0x0800028b   Thumb Code     0  startup_stm32f411xe.o(.text)
    EXTI15_10_IRQHandler                     0x0800028b   Thumb Code     0  startup_stm32f411xe.o(.text)
    EXTI1_IRQHandler                         0x0800028b   Thumb Code     0  startup_stm32f411xe.o(.text)
    EXTI2_IRQHandler                         0x0800028b   Thumb Code     0  startup_stm32f411xe.o(.text)
    EXTI3_IRQHandler                         0x0800028b   Thumb Code     0  startup_stm32f411xe.o(.text)
    EXTI4_IRQHandler                         0x0800028b   Thumb Code     0  startup_stm32f411xe.o(.text)
    FLASH_IRQHandler                         0x0800028b   Thumb Code     0  startup_stm32f411xe.o(.text)
    FPU_IRQHandler                           0x0800028b   Thumb Code     0  startup_stm32f411xe.o(.text)
    I2C1_ER_IRQHandler                       0x0800028b   Thumb Code     0  startup_stm32f411xe.o(.text)
    I2C1_EV_IRQHandler                       0x0800028b   Thumb Code     0  startup_stm32f411xe.o(.text)
    I2C2_ER_IRQHandler                       0x0800028b   Thumb Code     0  startup_stm32f411xe.o(.text)
    I2C2_EV_IRQHandler                       0x0800028b   Thumb Code     0  startup_stm32f411xe.o(.text)
    I2C3_ER_IRQHandler                       0x0800028b   Thumb Code     0  startup_stm32f411xe.o(.text)
    I2C3_EV_IRQHandler                       0x0800028b   Thumb Code     0  startup_stm32f411xe.o(.text)
    OTG_FS_IRQHandler                        0x0800028b   Thumb Code     0  startup_stm32f411xe.o(.text)
    OTG_FS_WKUP_IRQHandler                   0x0800028b   Thumb Code     0  startup_stm32f411xe.o(.text)
    PVD_IRQHandler                           0x0800028b   Thumb Code     0  startup_stm32f411xe.o(.text)
    RCC_IRQHandler                           0x0800028b   Thumb Code     0  startup_stm32f411xe.o(.text)
    RTC_Alarm_IRQHandler                     0x0800028b   Thumb Code     0  startup_stm32f411xe.o(.text)
    RTC_WKUP_IRQHandler                      0x0800028b   Thumb Code     0  startup_stm32f411xe.o(.text)
    SDIO_IRQHandler                          0x0800028b   Thumb Code     0  startup_stm32f411xe.o(.text)
    SPI1_IRQHandler                          0x0800028b   Thumb Code     0  startup_stm32f411xe.o(.text)
    SPI2_IRQHandler                          0x0800028b   Thumb Code     0  startup_stm32f411xe.o(.text)
    SPI3_IRQHandler                          0x0800028b   Thumb Code     0  startup_stm32f411xe.o(.text)
    SPI4_IRQHandler                          0x0800028b   Thumb Code     0  startup_stm32f411xe.o(.text)
    SPI5_IRQHandler                          0x0800028b   Thumb Code     0  startup_stm32f411xe.o(.text)
    TAMP_STAMP_IRQHandler                    0x0800028b   Thumb Code     0  startup_stm32f411xe.o(.text)
    TIM1_BRK_TIM9_IRQHandler                 0x0800028b   Thumb Code     0  startup_stm32f411xe.o(.text)
    TIM1_CC_IRQHandler                       0x0800028b   Thumb Code     0  startup_stm32f411xe.o(.text)
    TIM1_TRG_COM_TIM11_IRQHandler            0x0800028b   Thumb Code     0  startup_stm32f411xe.o(.text)
    TIM1_UP_TIM10_IRQHandler                 0x0800028b   Thumb Code     0  startup_stm32f411xe.o(.text)
    TIM3_IRQHandler                          0x0800028b   Thumb Code     0  startup_stm32f411xe.o(.text)
    TIM4_IRQHandler                          0x0800028b   Thumb Code     0  startup_stm32f411xe.o(.text)
    TIM5_IRQHandler                          0x0800028b   Thumb Code     0  startup_stm32f411xe.o(.text)
    USART1_IRQHandler                        0x0800028b   Thumb Code     0  startup_stm32f411xe.o(.text)
    WWDG_IRQHandler                          0x0800028b   Thumb Code     0  startup_stm32f411xe.o(.text)
    __aeabi_uldivmod                         0x08000295   Thumb Code    98  uldiv.o(.text)
    __aeabi_memcpy                           0x080002f7   Thumb Code    36  memcpya.o(.text)
    __aeabi_memcpy4                          0x080002f7   Thumb Code     0  memcpya.o(.text)
    __aeabi_memcpy8                          0x080002f7   Thumb Code     0  memcpya.o(.text)
    __aeabi_memset                           0x0800031b   Thumb Code    14  memseta.o(.text)
    __aeabi_memset4                          0x0800031b   Thumb Code     0  memseta.o(.text)
    __aeabi_memset8                          0x0800031b   Thumb Code     0  memseta.o(.text)
    __aeabi_memclr                           0x08000329   Thumb Code     4  memseta.o(.text)
    __aeabi_memclr4                          0x08000329   Thumb Code     0  memseta.o(.text)
    __aeabi_memclr8                          0x08000329   Thumb Code     0  memseta.o(.text)
    memset                                   0x0800032d   Thumb Code    18  memseta.o(.text)
    strstr                                   0x0800033f   Thumb Code    36  strstr.o(.text)
    __aeabi_dadd                             0x08000363   Thumb Code   322  dadd.o(.text)
    __aeabi_dsub                             0x080004a5   Thumb Code     6  dadd.o(.text)
    __aeabi_drsub                            0x080004ab   Thumb Code     6  dadd.o(.text)
    __aeabi_ddiv                             0x080004b1   Thumb Code   222  ddiv.o(.text)
    __aeabi_ui2d                             0x0800058f   Thumb Code    26  dfltui.o(.text)
    __aeabi_d2f                              0x080005a9   Thumb Code    56  d2f.o(.text)
    __aeabi_uidiv                            0x080005e1   Thumb Code     0  uidiv.o(.text)
    __aeabi_uidivmod                         0x080005e1   Thumb Code    44  uidiv.o(.text)
    __aeabi_llsl                             0x0800060d   Thumb Code    30  llshl.o(.text)
    _ll_shift_l                              0x0800060d   Thumb Code     0  llshl.o(.text)
    __aeabi_llsr                             0x0800062b   Thumb Code    32  llushr.o(.text)
    _ll_ushift_r                             0x0800062b   Thumb Code     0  llushr.o(.text)
    __aeabi_lasr                             0x0800064b   Thumb Code    36  llsshr.o(.text)
    _ll_sshift_r                             0x0800064b   Thumb Code     0  llsshr.o(.text)
    __I$use$fp                               0x0800066f   Thumb Code     0  iusefp.o(.text)
    _float_round                             0x0800066f   Thumb Code    18  fepilogue.o(.text)
    _float_epilogue                          0x08000681   Thumb Code    92  fepilogue.o(.text)
    _double_round                            0x080006dd   Thumb Code    30  depilogue.o(.text)
    _double_epilogue                         0x080006fb   Thumb Code   156  depilogue.o(.text)
    __aeabi_dmul                             0x08000797   Thumb Code   228  dmul.o(.text)
    __aeabi_d2ulz                            0x0800087b   Thumb Code    48  dfixul.o(.text)
    __aeabi_cdrcmple                         0x080008ad   Thumb Code    48  cdrcmple.o(.text)
    __scatterload                            0x080008dd   Thumb Code    28  init.o(.text)
    __scatterload_rt2                        0x080008dd   Thumb Code     0  init.o(.text)
    BusFault_Handler                         0x08000a29   Thumb Code     2  stm32f4xx_it.o(i.BusFault_Handler)
    DHT11_Check                              0x08000a2d   Thumb Code    86  dht11.o(i.DHT11_Check)
    DHT11_IO_IN                              0x08000a89   Thumb Code    52  dht11.o(i.DHT11_IO_IN)
    DHT11_IO_OUT                             0x08000ac5   Thumb Code    58  dht11.o(i.DHT11_IO_OUT)
    DHT11_Init                               0x08000b09   Thumb Code    28  dht11.o(i.DHT11_Init)
    DHT11_Read_Bit                           0x08000b29   Thumb Code    84  dht11.o(i.DHT11_Read_Bit)
    DHT11_Read_Byte                          0x08000b81   Thumb Code    26  dht11.o(i.DHT11_Read_Byte)
    DHT11_Read_Data                          0x08000b9b   Thumb Code    82  dht11.o(i.DHT11_Read_Data)
    DHT11_Rst                                0x08000bed   Thumb Code    46  dht11.o(i.DHT11_Rst)
    DMA2_Stream0_IRQHandler                  0x08000c21   Thumb Code     6  stm32f4xx_it.o(i.DMA2_Stream0_IRQHandler)
    DebugMon_Handler                         0x08000ca9   Thumb Code     2  stm32f4xx_it.o(i.DebugMon_Handler)
    EXTI9_5_IRQHandler                       0x08000cab   Thumb Code     6  stm32f4xx_it.o(i.EXTI9_5_IRQHandler)
    Error_Handler                            0x08000cb1   Thumb Code     4  main.o(i.Error_Handler)
    HAL_ADC_ConfigChannel                    0x08000cb5   Thumb Code   334  stm32f4xx_hal_adc.o(i.HAL_ADC_ConfigChannel)
    HAL_ADC_GetValue                         0x08000e19   Thumb Code     6  stm32f4xx_hal_adc.o(i.HAL_ADC_GetValue)
    HAL_ADC_Init                             0x08000e1f   Thumb Code    84  stm32f4xx_hal_adc.o(i.HAL_ADC_Init)
    HAL_ADC_MspInit                          0x08000e75   Thumb Code   132  adc.o(i.HAL_ADC_MspInit)
    HAL_ADC_PollForConversion                0x08000f0d   Thumb Code   170  stm32f4xx_hal_adc.o(i.HAL_ADC_PollForConversion)
    HAL_ADC_Start                            0x08000fb9   Thumb Code   188  stm32f4xx_hal_adc.o(i.HAL_ADC_Start)
    HAL_DMA_Abort                            0x08001085   Thumb Code   146  stm32f4xx_hal_dma.o(i.HAL_DMA_Abort)
    HAL_DMA_Abort_IT                         0x08001117   Thumb Code    36  stm32f4xx_hal_dma.o(i.HAL_DMA_Abort_IT)
    HAL_DMA_IRQHandler                       0x0800113d   Thumb Code   412  stm32f4xx_hal_dma.o(i.HAL_DMA_IRQHandler)
    HAL_DMA_Init                             0x080012dd   Thumb Code   206  stm32f4xx_hal_dma.o(i.HAL_DMA_Init)
    HAL_Delay                                0x080013b1   Thumb Code    32  stm32f4xx_hal.o(i.HAL_Delay)
    HAL_GPIO_EXTI_Callback                   0x080013d5   Thumb Code    52  freertos.o(i.HAL_GPIO_EXTI_Callback)
    HAL_GPIO_EXTI_IRQHandler                 0x08001411   Thumb Code    18  stm32f4xx_hal_gpio.o(i.HAL_GPIO_EXTI_IRQHandler)
    HAL_GPIO_Init                            0x08001429   Thumb Code   446  stm32f4xx_hal_gpio.o(i.HAL_GPIO_Init)
    HAL_GPIO_ReadPin                         0x08001609   Thumb Code    10  stm32f4xx_hal_gpio.o(i.HAL_GPIO_ReadPin)
    HAL_GPIO_WritePin                        0x08001613   Thumb Code    10  stm32f4xx_hal_gpio.o(i.HAL_GPIO_WritePin)
    HAL_GetTick                              0x0800161d   Thumb Code     6  stm32f4xx_hal.o(i.HAL_GetTick)
    HAL_I2C_Init                             0x08001629   Thumb Code   376  stm32f4xx_hal_i2c.o(i.HAL_I2C_Init)
    HAL_I2C_MspInit                          0x080017b1   Thumb Code   130  i2c.o(i.HAL_I2C_MspInit)
    HAL_IWDG_Init                            0x08001845   Thumb Code    94  stm32f4xx_hal_iwdg.o(i.HAL_IWDG_Init)
    HAL_IncTick                              0x080018a5   Thumb Code    12  stm32f4xx_hal.o(i.HAL_IncTick)
    HAL_Init                                 0x080018b5   Thumb Code    48  stm32f4xx_hal.o(i.HAL_Init)
    HAL_InitTick                             0x080018e9   Thumb Code    54  stm32f4xx_hal.o(i.HAL_InitTick)
    HAL_MspInit                              0x08001929   Thumb Code    52  stm32f4xx_hal_msp.o(i.HAL_MspInit)
    HAL_NVIC_EnableIRQ                       0x08001961   Thumb Code    26  stm32f4xx_hal_cortex.o(i.HAL_NVIC_EnableIRQ)
    HAL_NVIC_SetPriority                     0x0800197d   Thumb Code    60  stm32f4xx_hal_cortex.o(i.HAL_NVIC_SetPriority)
    HAL_NVIC_SetPriorityGrouping             0x080019bd   Thumb Code    26  stm32f4xx_hal_cortex.o(i.HAL_NVIC_SetPriorityGrouping)
    HAL_NVIC_SystemReset                     0x080019e1   Thumb Code    26  stm32f4xx_hal_cortex.o(i.HAL_NVIC_SystemReset)
    HAL_RCCEx_PeriphCLKConfig                0x08001a05   Thumb Code   314  stm32f4xx_hal_rcc_ex.o(i.HAL_RCCEx_PeriphCLKConfig)
    HAL_RCC_ClockConfig                      0x08001b59   Thumb Code   288  stm32f4xx_hal_rcc.o(i.HAL_RCC_ClockConfig)
    HAL_RCC_GetPCLK1Freq                     0x08001c8d   Thumb Code    20  stm32f4xx_hal_rcc.o(i.HAL_RCC_GetPCLK1Freq)
    HAL_RCC_GetPCLK2Freq                     0x08001cad   Thumb Code    20  stm32f4xx_hal_rcc.o(i.HAL_RCC_GetPCLK2Freq)
    HAL_RCC_GetSysClockFreq                  0x08001ccd   Thumb Code    88  stm32f4xx_hal_rcc.o(i.HAL_RCC_GetSysClockFreq)
    HAL_RCC_OscConfig                        0x08001d31   Thumb Code   856  stm32f4xx_hal_rcc.o(i.HAL_RCC_OscConfig)
    HAL_RTC_Init                             0x0800209d   Thumb Code   150  stm32f4xx_hal_rtc.o(i.HAL_RTC_Init)
    HAL_RTC_MspInit                          0x08002139   Thumb Code    52  rtc.o(i.HAL_RTC_MspInit)
    HAL_RTC_SetDate                          0x08002175   Thumb Code   146  stm32f4xx_hal_rtc.o(i.HAL_RTC_SetDate)
    HAL_RTC_SetTime                          0x0800220d   Thumb Code   186  stm32f4xx_hal_rtc.o(i.HAL_RTC_SetTime)
    HAL_RTC_WaitForSynchro                   0x080022cd   Thumb Code    50  stm32f4xx_hal_rtc.o(i.HAL_RTC_WaitForSynchro)
    HAL_SYSTICK_Config                       0x08002305   Thumb Code    40  stm32f4xx_hal_cortex.o(i.HAL_SYSTICK_Config)
    HAL_TIMEx_BreakCallback                  0x0800232d   Thumb Code     2  stm32f4xx_hal_tim_ex.o(i.HAL_TIMEx_BreakCallback)
    HAL_TIMEx_CommutCallback                 0x0800232f   Thumb Code     2  stm32f4xx_hal_tim_ex.o(i.HAL_TIMEx_CommutCallback)
    HAL_TIMEx_MasterConfigSynchronization    0x08002331   Thumb Code   104  stm32f4xx_hal_tim_ex.o(i.HAL_TIMEx_MasterConfigSynchronization)
    HAL_TIM_Base_Init                        0x080023ad   Thumb Code    90  stm32f4xx_hal_tim.o(i.HAL_TIM_Base_Init)
    HAL_TIM_Base_MspInit                     0x08002409   Thumb Code   204  tim.o(i.HAL_TIM_Base_MspInit)
    HAL_TIM_Base_Start                       0x080024e9   Thumb Code    78  stm32f4xx_hal_tim.o(i.HAL_TIM_Base_Start)
    HAL_TIM_Base_Start_IT                    0x0800254d   Thumb Code    88  stm32f4xx_hal_tim.o(i.HAL_TIM_Base_Start_IT)
    HAL_TIM_Base_Stop                        0x080025b9   Thumb Code    38  stm32f4xx_hal_tim.o(i.HAL_TIM_Base_Stop)
    HAL_TIM_ConfigClockSource                0x080025df   Thumb Code   220  stm32f4xx_hal_tim.o(i.HAL_TIM_ConfigClockSource)
    HAL_TIM_IC_CaptureCallback               0x080026bb   Thumb Code     2  stm32f4xx_hal_tim.o(i.HAL_TIM_IC_CaptureCallback)
    HAL_TIM_IC_ConfigChannel                 0x080026bd   Thumb Code   292  stm32f4xx_hal_tim.o(i.HAL_TIM_IC_ConfigChannel)
    HAL_TIM_IC_Init                          0x080027e1   Thumb Code    90  stm32f4xx_hal_tim.o(i.HAL_TIM_IC_Init)
    HAL_TIM_IC_MspInit                       0x0800283b   Thumb Code     2  stm32f4xx_hal_tim.o(i.HAL_TIM_IC_MspInit)
    HAL_TIM_IRQHandler                       0x0800283d   Thumb Code   304  stm32f4xx_hal_tim.o(i.HAL_TIM_IRQHandler)
    HAL_TIM_MspPostInit                      0x0800296d   Thumb Code   108  tim.o(i.HAL_TIM_MspPostInit)
    HAL_TIM_OC_DelayElapsedCallback          0x080029e5   Thumb Code     2  stm32f4xx_hal_tim.o(i.HAL_TIM_OC_DelayElapsedCallback)
    HAL_TIM_PWM_ConfigChannel                0x080029e7   Thumb Code   204  stm32f4xx_hal_tim.o(i.HAL_TIM_PWM_ConfigChannel)
    HAL_TIM_PWM_Init                         0x08002ab3   Thumb Code    90  stm32f4xx_hal_tim.o(i.HAL_TIM_PWM_Init)
    HAL_TIM_PWM_MspInit                      0x08002b0d   Thumb Code     2  stm32f4xx_hal_tim.o(i.HAL_TIM_PWM_MspInit)
    HAL_TIM_PWM_PulseFinishedCallback        0x08002b0f   Thumb Code     2  stm32f4xx_hal_tim.o(i.HAL_TIM_PWM_PulseFinishedCallback)
    HAL_TIM_PWM_Start                        0x08002b11   Thumb Code   156  stm32f4xx_hal_tim.o(i.HAL_TIM_PWM_Start)
    HAL_TIM_PeriodElapsedCallback            0x08002bc1   Thumb Code    24  gizwits_product.o(i.HAL_TIM_PeriodElapsedCallback)
    HAL_TIM_TriggerCallback                  0x08002be1   Thumb Code     2  stm32f4xx_hal_tim.o(i.HAL_TIM_TriggerCallback)
    HAL_UARTEx_RxEventCallback               0x08002be3   Thumb Code     2  stm32f4xx_hal_uart.o(i.HAL_UARTEx_RxEventCallback)
    HAL_UART_ErrorCallback                   0x08002be5   Thumb Code     2  stm32f4xx_hal_uart.o(i.HAL_UART_ErrorCallback)
    HAL_UART_IRQHandler                      0x08002be9   Thumb Code   636  stm32f4xx_hal_uart.o(i.HAL_UART_IRQHandler)
    HAL_UART_Init                            0x08002e69   Thumb Code   100  stm32f4xx_hal_uart.o(i.HAL_UART_Init)
    HAL_UART_MspInit                         0x08002ecd   Thumb Code   296  usart.o(i.HAL_UART_MspInit)
    HAL_UART_Receive                         0x0800300d   Thumb Code   176  stm32f4xx_hal_uart.o(i.HAL_UART_Receive)
    HAL_UART_Receive_IT                      0x080030bd   Thumb Code    28  stm32f4xx_hal_uart.o(i.HAL_UART_Receive_IT)
    HAL_UART_RxCpltCallback                  0x080030d9   Thumb Code    48  gizwits_product.o(i.HAL_UART_RxCpltCallback)
    HAL_UART_Transmit                        0x08003119   Thumb Code   160  stm32f4xx_hal_uart.o(i.HAL_UART_Transmit)
    HAL_UART_Transmit_IT                     0x080031b9   Thumb Code    50  stm32f4xx_hal_uart.o(i.HAL_UART_Transmit_IT)
    HAL_UART_TxCpltCallback                  0x080031eb   Thumb Code     2  stm32f4xx_hal_uart.o(i.HAL_UART_TxCpltCallback)
    HardFault_Handler                        0x080031ed   Thumb Code     2  stm32f4xx_it.o(i.HardFault_Handler)
    MX_ADC1_Init                             0x080031f1   Thumb Code    82  adc.o(i.MX_ADC1_Init)
    MX_DMA_Init                              0x08003251   Thumb Code    40  dma.o(i.MX_DMA_Init)
    MX_FREERTOS_Init                         0x0800327d   Thumb Code    52  freertos.o(i.MX_FREERTOS_Init)
    MX_GPIO_Init                             0x080032b9   Thumb Code   184  gpio.o(i.MX_GPIO_Init)
    MX_I2C3_Init                             0x08003381   Thumb Code    50  i2c.o(i.MX_I2C3_Init)
    MX_IWDG_Init                             0x080033c1   Thumb Code    36  iwdg.o(i.MX_IWDG_Init)
    MX_RTC_Init                              0x080033ed   Thumb Code   120  rtc.o(i.MX_RTC_Init)
    MX_TIM11_Init                            0x0800346d   Thumb Code    84  tim.o(i.MX_TIM11_Init)
    MX_TIM2_Init                             0x080034c9   Thumb Code   146  tim.o(i.MX_TIM2_Init)
    MX_TIM3_Init                             0x08003561   Thumb Code   162  tim.o(i.MX_TIM3_Init)
    MX_TIM4_Init                             0x0800360d   Thumb Code    96  tim.o(i.MX_TIM4_Init)
    MX_USART1_UART_Init                      0x08003675   Thumb Code    48  usart.o(i.MX_USART1_UART_Init)
    MX_USART2_UART_Init                      0x080036ad   Thumb Code    48  usart.o(i.MX_USART2_UART_Init)
    MX_USART6_UART_Init                      0x080036e5   Thumb Code    48  usart.o(i.MX_USART6_UART_Init)
    MemManage_Handler                        0x0800371d   Thumb Code     2  stm32f4xx_it.o(i.MemManage_Handler)
    NMI_Handler                              0x0800371f   Thumb Code     2  stm32f4xx_it.o(i.NMI_Handler)
    OLED_Clear                               0x08003721   Thumb Code    60  oled.o(i.OLED_Clear)
    OLED_ClearPoint                          0x0800375d   Thumb Code    28  oled.o(i.OLED_ClearPoint)
    OLED_DrawPoint                           0x0800377d   Thumb Code    24  oled.o(i.OLED_DrawPoint)
    OLED_Init                                0x08003799   Thumb Code   482  oled.o(i.OLED_Init)
    OLED_Refresh                             0x0800398d   Thumb Code    70  oled.o(i.OLED_Refresh)
    OLED_Set_Pos                             0x080039d9   Thumb Code    44  oled.o(i.OLED_Set_Pos)
    OLED_ShowChar                            0x08003a05   Thumb Code   160  oled.o(i.OLED_ShowChar)
    OLED_ShowString                          0x08003ab1   Thumb Code    54  oled.o(i.OLED_ShowString)
    OLED_WR_Byte                             0x08003ae9   Thumb Code   112  oled.o(i.OLED_WR_Byte)
    RTC_ByteToBcd2                           0x08003b61   Thumb Code    22  stm32f4xx_hal_rtc.o(i.RTC_ByteToBcd2)
    RTC_EnterInitMode                        0x08003b79   Thumb Code    72  stm32f4xx_hal_rtc.o(i.RTC_EnterInitMode)
    RTC_ExitInitMode                         0x08003bc1   Thumb Code    42  stm32f4xx_hal_rtc.o(i.RTC_ExitInitMode)
    StartDefaultTask                         0x08003bed   Thumb Code   434  freertos.o(i.StartDefaultTask)
    StartTask02                              0x08003df9   Thumb Code    46  freertos.o(i.StartTask02)
    SysTick_Handler                          0x08003e31   Thumb Code    24  stm32f4xx_it.o(i.SysTick_Handler)
    SystemClock_Config                       0x08003e49   Thumb Code   146  main.o(i.SystemClock_Config)
    SystemInit                               0x08003ee5   Thumb Code    12  system_stm32f4xx.o(i.SystemInit)
    TIM2_IRQHandler                          0x08003ef5   Thumb Code     6  stm32f4xx_it.o(i.TIM2_IRQHandler)
    TIM_Base_SetConfig                       0x08003f01   Thumb Code   130  stm32f4xx_hal_tim.o(i.TIM_Base_SetConfig)
    TIM_CCxChannelCmd                        0x08003fa1   Thumb Code    26  stm32f4xx_hal_tim.o(i.TIM_CCxChannelCmd)
    TIM_ETR_SetConfig                        0x08003fbb   Thumb Code    20  stm32f4xx_hal_tim.o(i.TIM_ETR_SetConfig)
    TIM_OC2_SetConfig                        0x08004031   Thumb Code    84  stm32f4xx_hal_tim.o(i.TIM_OC2_SetConfig)
    TIM_TI1_SetConfig                        0x08004149   Thumb Code    88  stm32f4xx_hal_tim.o(i.TIM_TI1_SetConfig)
    UART_Start_Receive_IT                    0x08004439   Thumb Code    54  stm32f4xx_hal_uart.o(i.UART_Start_Receive_IT)
    USART2_IRQHandler                        0x080044e1   Thumb Code     6  stm32f4xx_it.o(i.USART2_IRQHandler)
    USART6_IRQHandler                        0x080044ed   Thumb Code     6  stm32f4xx_it.o(i.USART6_IRQHandler)
    UsageFault_Handler                       0x080044f9   Thumb Code     2  stm32f4xx_it.o(i.UsageFault_Handler)
    __0printf                                0x080044fd   Thumb Code    22  printfa.o(i.__0printf)
    __1printf                                0x080044fd   Thumb Code     0  printfa.o(i.__0printf)
    __2printf                                0x080044fd   Thumb Code     0  printfa.o(i.__0printf)
    __c89printf                              0x080044fd   Thumb Code     0  printfa.o(i.__0printf)
    printf                                   0x080044fd   Thumb Code     0  printfa.o(i.__0printf)
    __0sprintf                               0x0800451d   Thumb Code    34  printfa.o(i.__0sprintf)
    __1sprintf                               0x0800451d   Thumb Code     0  printfa.o(i.__0sprintf)
    __2sprintf                               0x0800451d   Thumb Code     0  printfa.o(i.__0sprintf)
    __c89sprintf                             0x0800451d   Thumb Code     0  printfa.o(i.__0sprintf)
    sprintf                                  0x0800451d   Thumb Code     0  printfa.o(i.__0sprintf)
    __scatterload_copy                       0x08004565   Thumb Code    14  handlers.o(i.__scatterload_copy)
    __scatterload_null                       0x08004573   Thumb Code     2  handlers.o(i.__scatterload_null)
    __scatterload_zeroinit                   0x08004575   Thumb Code    14  handlers.o(i.__scatterload_zeroinit)
    atgm336h_UART_RxCpltCallback             0x08004e19   Thumb Code   112  atgm336h.o(i.atgm336h_UART_RxCpltCallback)
    atgm336h_init                            0x08004e95   Thumb Code    20  atgm336h.o(i.atgm336h_init)
    clrStruct                                0x08004eb1   Thumb Code    68  atgm336h.o(i.clrStruct)
    delay_ms                                 0x08004ef9   Thumb Code    26  delay.o(i.delay_ms)
    delay_us                                 0x08004f15   Thumb Code    36  delay.o(i.delay_us)
    errorLog                                 0x08004f3d   Thumb Code    12  atgm336h.o(i.errorLog)
    exchangeBytes                            0x08004f55   Thumb Code    16  common.o(i.exchangeBytes)
    exchangeWord                             0x08004f65   Thumb Code     4  common.o(i.exchangeWord)
    fputc                                    0x08004f69   Thumb Code    20  gizwits_product.o(i.fputc)
    getKey                                   0x08004f81   Thumb Code    84  hal_key.o(i.getKey)
    gizGetTimerCount                         0x08005171   Thumb Code     6  gizwits_product.o(i.gizGetTimerCount)
    gizProtocolSum                           0x0800580d   Thumb Code    36  common.o(i.gizProtocolSum)
    gizPutData                               0x08005899   Thumb Code    28  gizwits_protocol.o(i.gizPutData)
    gizTimerMs                               0x0800592d   Thumb Code    10  gizwits_product.o(i.gizTimerMs)
    gizY2X                                   0x0800593d   Thumb Code     8  datapointtools.o(i.gizY2X)
    gizY2XFloat                              0x08005945   Thumb Code    18  datapointtools.o(i.gizY2XFloat)
    gizwitsEventProcess                      0x08005957   Thumb Code    28  gizwits_product.o(i.gizwitsEventProcess)
    gizwitsHandle                            0x08005975   Thumb Code   480  gizwits_protocol.o(i.gizwitsHandle)
    gizwitsInit                              0x08005b5d   Thumb Code    32  gizwits_protocol.o(i.gizwitsInit)
    keyHandle                                0x08005b85   Thumb Code   126  hal_key.o(i.keyHandle)
    main                                     0x08005c03   Thumb Code    70  main.o(i.main)
    mcuRestart                               0x08005c55   Thumb Code    10  gizwits_product.o(i.mcuRestart)
    osDelay                                  0x08005c5f   Thumb Code    14  cmsis_os.o(i.osDelay)
    osKernelStart                            0x08005c6d   Thumb Code    10  cmsis_os.o(i.osKernelStart)
    osThreadCreate                           0x08005c77   Thumb Code    84  cmsis_os.o(i.osThreadCreate)
    parseGpsBuffer                           0x08005ccd   Thumb Code   598  atgm336h.o(i.parseGpsBuffer)
    pvPortMalloc                             0x08006289   Thumb Code   216  heap_4.o(i.pvPortMalloc)
    pxPortInitialiseStack                    0x08006365   Thumb Code    40  port.o(i.pxPortInitialiseStack)
    rbCanRead                                0x08006391   Thumb Code    48  ringbuffer.o(i.rbCanRead)
    rbCanWrite                               0x080063c1   Thumb Code    28  ringbuffer.o(i.rbCanWrite)
    rbCapacity                               0x080063dd   Thumb Code    12  ringbuffer.o(i.rbCapacity)
    rbCreate                                 0x080063e9   Thumb Code    18  ringbuffer.o(i.rbCreate)
    rbRead                                   0x080063fb   Thumb Code   134  ringbuffer.o(i.rbRead)
    rbWrite                                  0x08006481   Thumb Code   148  ringbuffer.o(i.rbWrite)
    readKeyValue                             0x08006515   Thumb Code   130  hal_key.o(i.readKeyValue)
    timerInit                                0x0800659d   Thumb Code     6  gizwits_product.o(i.timerInit)
    uartInit                                 0x080065a9   Thumb Code    10  gizwits_product.o(i.uartInit)
    uartWrite                                0x080065bd   Thumb Code    98  gizwits_product.o(i.uartWrite)
    userHandle                               0x08006629   Thumb Code    28  gizwits_product.o(i.userHandle)
    userInit                                 0x08006659   Thumb Code    38  gizwits_product.o(i.userInit)
    uxListRemove                             0x08006695   Thumb Code    38  list.o(i.uxListRemove)
    vApplicationGetIdleTaskMemory            0x080066bd   Thumb Code    16  freertos.o(i.vApplicationGetIdleTaskMemory)
    vListInitialise                          0x080066d1   Thumb Code    22  list.o(i.vListInitialise)
    vListInitialiseItem                      0x080066e7   Thumb Code     6  list.o(i.vListInitialiseItem)
    vListInsert                              0x080066ed   Thumb Code    48  list.o(i.vListInsert)
    vListInsertEnd                           0x0800671d   Thumb Code    24  list.o(i.vListInsertEnd)
    vPortEnterCritical                       0x08006735   Thumb Code    54  port.o(i.vPortEnterCritical)
    vPortExitCritical                        0x08006775   Thumb Code    34  port.o(i.vPortExitCritical)
    vPortFree                                0x0800679d   Thumb Code    94  heap_4.o(i.vPortFree)
    vPortSetupTimerInterrupt                 0x08006801   Thumb Code    32  port.o(i.vPortSetupTimerInterrupt)
    vTaskDelay                               0x08006825   Thumb Code    66  tasks.o(i.vTaskDelay)
    vTaskStartScheduler                      0x08006871   Thumb Code    90  tasks.o(i.vTaskStartScheduler)
    vTaskSuspendAll                          0x080068dd   Thumb Code    10  tasks.o(i.vTaskSuspendAll)
    vTaskSwitchContext                       0x080068ed   Thumb Code    82  tasks.o(i.vTaskSwitchContext)
    xPortStartScheduler                      0x08006949   Thumb Code   222  port.o(i.xPortStartScheduler)
    xPortSysTickHandler                      0x08006a3d   Thumb Code    38  port.o(i.xPortSysTickHandler)
    xTaskCreate                              0x08006a69   Thumb Code    90  tasks.o(i.xTaskCreate)
    xTaskCreateStatic                        0x08006ac3   Thumb Code    86  tasks.o(i.xTaskCreateStatic)
    xTaskGetSchedulerState                   0x08006b19   Thumb Code    22  tasks.o(i.xTaskGetSchedulerState)
    xTaskIncrementTick                       0x08006b35   Thumb Code   194  tasks.o(i.xTaskIncrementTick)
    xTaskResumeAll                           0x08006c01   Thumb Code   182  tasks.o(i.xTaskResumeAll)
    AHBPrescTable                            0x08006d04   Data          16  system_stm32f4xx.o(.constdata)
    APBPrescTable                            0x08006d14   Data           8  system_stm32f4xx.o(.constdata)
    asc2_1206                                0x08006d1c   Data        1140  oled.o(.constdata)
    asc2_1608                                0x08007190   Data        1520  oled.o(.constdata)
    asc2_2412                                0x08007780   Data        3420  oled.o(.constdata)
    Region$$Table$$Base                      0x080084f4   Number         0  anon$$obj.o(Region$$Table)
    Region$$Table$$Limit                     0x08008514   Number         0  anon$$obj.o(Region$$Table)
    temp                                     0x20000000   Data           1  freertos.o(.data)
    humi                                     0x20000001   Data           1  freertos.o(.data)
    adc_value                                0x20000002   Data           2  freertos.o(.data)
    distance                                 0x20000004   Data           2  freertos.o(.data)
    latitude                                 0x20000008   Data           4  freertos.o(.data)
    longitude                                0x2000000c   Data           4  freertos.o(.data)
    temp_threshold                           0x20000010   Data           4  freertos.o(.data)
    defaultTaskHandle                        0x20000014   Data           4  freertos.o(.data)
    myTask02Handle                           0x20000018   Data           4  freertos.o(.data)
    keys                                     0x2000001c   Data           5  freertos.o(.data)
    uwTickFreq                               0x20000024   Data           1  stm32f4xx_hal.o(.data)
    uwTickPrio                               0x20000028   Data           4  stm32f4xx_hal.o(.data)
    uwTick                                   0x2000002c   Data           4  stm32f4xx_hal.o(.data)
    SystemCoreClock                          0x20000030   Data           4  system_stm32f4xx.o(.data)
    uart_A_RX_Buff                           0x20000034   Data           1  atgm336h.o(.data)
    point1                                   0x20000038   Data           4  atgm336h.o(.data)
    keyCountTime                             0x20000040   Data           1  hal_key.o(.data)
    aRxBuffer                                0x20000048   Data           1  gizwits_product.o(.data)
    pxCurrentTCB                             0x20000060   Data           4  tasks.o(.data)
    __stdout                                 0x200000c8   Data           4  stdout.o(.data)
    hadc1                                    0x20000320   Data          72  adc.o(.bss)
    hdma_adc1                                0x20000368   Data          96  adc.o(.bss)
    hi2c3                                    0x200003c8   Data          84  i2c.o(.bss)
    hiwdg                                    0x2000041c   Data          12  iwdg.o(.bss)
    hrtc                                     0x20000428   Data          32  rtc.o(.bss)
    htim2                                    0x20000448   Data          72  tim.o(.bss)
    htim3                                    0x20000490   Data          72  tim.o(.bss)
    htim4                                    0x200004d8   Data          72  tim.o(.bss)
    htim11                                   0x20000520   Data          72  tim.o(.bss)
    huart1                                   0x20000568   Data          72  usart.o(.bss)
    huart2                                   0x200005b0   Data          72  usart.o(.bss)
    huart6                                   0x200005f8   Data          72  usart.o(.bss)
    g_LatAndLongData                         0x20000640   Data          12  atgm336h.o(.bss)
    Save_Data                                0x2000064c   Data         121  atgm336h.o(.bss)
    USART_RX_BUF                             0x200006c5   Data         200  atgm336h.o(.bss)
    OLED_GRAM                                0x2000078d   Data        1024  oled.o(.bss)
    currentDataPoint                         0x20000b8d   Data          16  gizwits_product.o(.bss)
    gizwitsProtocol                          0x20000ba0   Data         384  gizwits_protocol.o(.bss)
    pRb                                      0x20000d20   Data          16  gizwits_protocol.o(.bss)
    __initial_sp                             0x20004e90   Data           0  startup_stm32f411xe.o(STACK)



==============================================================================

Memory Map of the image

  Image Entry point : 0x08000199

  Load Region LR_IROM1 (Base: 0x08000000, Size: 0x000085e0, Max: 0x00080000, ABSOLUTE)

    Execution Region ER_IROM1 (Exec base: 0x08000000, Load base: 0x08000000, Size: 0x00008514, Max: 0x00080000, ABSOLUTE)

    Exec Addr    Load Addr    Size         Type   Attr      Idx    E Section Name        Object

    0x08000000   0x08000000   0x00000198   Data   RO            3    RESET               startup_stm32f411xe.o
    0x08000198   0x08000198   0x00000000   Code   RO         6880  * .ARM.Collect$$$$00000000  mc_w.l(entry.o)
    0x08000198   0x08000198   0x00000004   Code   RO         7170    .ARM.Collect$$$$00000001  mc_w.l(entry2.o)
    0x0800019c   0x0800019c   0x00000004   Code   RO         7173    .ARM.Collect$$$$00000004  mc_w.l(entry5.o)
    0x080001a0   0x080001a0   0x00000000   Code   RO         7175    .ARM.Collect$$$$00000008  mc_w.l(entry7b.o)
    0x080001a0   0x080001a0   0x00000000   Code   RO         7177    .ARM.Collect$$$$0000000A  mc_w.l(entry8b.o)
    0x080001a0   0x080001a0   0x00000008   Code   RO         7178    .ARM.Collect$$$$0000000B  mc_w.l(entry9a.o)
    0x080001a8   0x080001a8   0x00000004   Code   RO         7185    .ARM.Collect$$$$0000000E  mc_w.l(entry12b.o)
    0x080001ac   0x080001ac   0x00000000   Code   RO         7180    .ARM.Collect$$$$0000000F  mc_w.l(entry10a.o)
    0x080001ac   0x080001ac   0x00000000   Code   RO         7182    .ARM.Collect$$$$00000011  mc_w.l(entry11a.o)
    0x080001ac   0x080001ac   0x00000004   Code   RO         7171    .ARM.Collect$$$$00002712  mc_w.l(entry2.o)
    0x080001b0   0x080001b0   0x000000be   Code   RO         6803    .emb_text           port.o
    0x0800026e   0x0800026e   0x00000002   PAD
    0x08000270   0x08000270   0x00000024   Code   RO            4    .text               startup_stm32f411xe.o
    0x08000294   0x08000294   0x00000062   Code   RO         6883    .text               mc_w.l(uldiv.o)
    0x080002f6   0x080002f6   0x00000024   Code   RO         6887    .text               mc_w.l(memcpya.o)
    0x0800031a   0x0800031a   0x00000024   Code   RO         6891    .text               mc_w.l(memseta.o)
    0x0800033e   0x0800033e   0x00000024   Code   RO         6893    .text               mc_w.l(strstr.o)
    0x08000362   0x08000362   0x0000014e   Code   RO         7160    .text               mf_w.l(dadd.o)
    0x080004b0   0x080004b0   0x000000de   Code   RO         7162    .text               mf_w.l(ddiv.o)
    0x0800058e   0x0800058e   0x0000001a   Code   RO         7164    .text               mf_w.l(dfltui.o)
    0x080005a8   0x080005a8   0x00000038   Code   RO         7168    .text               mf_w.l(d2f.o)
    0x080005e0   0x080005e0   0x0000002c   Code   RO         7187    .text               mc_w.l(uidiv.o)
    0x0800060c   0x0800060c   0x0000001e   Code   RO         7189    .text               mc_w.l(llshl.o)
    0x0800062a   0x0800062a   0x00000020   Code   RO         7191    .text               mc_w.l(llushr.o)
    0x0800064a   0x0800064a   0x00000024   Code   RO         7193    .text               mc_w.l(llsshr.o)
    0x0800066e   0x0800066e   0x00000000   Code   RO         7195    .text               mc_w.l(iusefp.o)
    0x0800066e   0x0800066e   0x0000006e   Code   RO         7196    .text               mf_w.l(fepilogue.o)
    0x080006dc   0x080006dc   0x000000ba   Code   RO         7198    .text               mf_w.l(depilogue.o)
    0x08000796   0x08000796   0x000000e4   Code   RO         7200    .text               mf_w.l(dmul.o)
    0x0800087a   0x0800087a   0x00000030   Code   RO         7202    .text               mf_w.l(dfixul.o)
    0x080008aa   0x080008aa   0x00000002   PAD
    0x080008ac   0x080008ac   0x00000030   Code   RO         7204    .text               mf_w.l(cdrcmple.o)
    0x080008dc   0x080008dc   0x00000024   Code   RO         7206    .text               mc_w.l(init.o)
    0x08000900   0x08000900   0x00000128   Code   RO          799    i.ADC_Init          stm32f4xx_hal_adc.o
    0x08000a28   0x08000a28   0x00000002   Code   RO          678    i.BusFault_Handler  stm32f4xx_it.o
    0x08000a2a   0x08000a2a   0x00000002   PAD
    0x08000a2c   0x08000a2c   0x0000005c   Code   RO         4780    i.DHT11_Check       dht11.o
    0x08000a88   0x08000a88   0x0000003c   Code   RO         4781    i.DHT11_IO_IN       dht11.o
    0x08000ac4   0x08000ac4   0x00000044   Code   RO         4782    i.DHT11_IO_OUT      dht11.o
    0x08000b08   0x08000b08   0x00000020   Code   RO         4783    i.DHT11_Init        dht11.o
    0x08000b28   0x08000b28   0x00000058   Code   RO         4784    i.DHT11_Read_Bit    dht11.o
    0x08000b80   0x08000b80   0x0000001a   Code   RO         4785    i.DHT11_Read_Byte   dht11.o
    0x08000b9a   0x08000b9a   0x00000052   Code   RO         4786    i.DHT11_Read_Data   dht11.o
    0x08000bec   0x08000bec   0x00000034   Code   RO         4787    i.DHT11_Rst         dht11.o
    0x08000c20   0x08000c20   0x0000000c   Code   RO          679    i.DMA2_Stream0_IRQHandler  stm32f4xx_it.o
    0x08000c2c   0x08000c2c   0x00000028   Code   RO         1587    i.DMA_CalcBaseAndBitshift  stm32f4xx_hal_dma.o
    0x08000c54   0x08000c54   0x00000054   Code   RO         1588    i.DMA_CheckFifoParam  stm32f4xx_hal_dma.o
    0x08000ca8   0x08000ca8   0x00000002   Code   RO          680    i.DebugMon_Handler  stm32f4xx_it.o
    0x08000caa   0x08000caa   0x00000006   Code   RO          681    i.EXTI9_5_IRQHandler  stm32f4xx_it.o
    0x08000cb0   0x08000cb0   0x00000004   Code   RO           13    i.Error_Handler     main.o
    0x08000cb4   0x08000cb4   0x00000164   Code   RO          801    i.HAL_ADC_ConfigChannel  stm32f4xx_hal_adc.o
    0x08000e18   0x08000e18   0x00000006   Code   RO          808    i.HAL_ADC_GetValue  stm32f4xx_hal_adc.o
    0x08000e1e   0x08000e1e   0x00000054   Code   RO          810    i.HAL_ADC_Init      stm32f4xx_hal_adc.o
    0x08000e72   0x08000e72   0x00000002   PAD
    0x08000e74   0x08000e74   0x00000098   Code   RO          379    i.HAL_ADC_MspInit   adc.o
    0x08000f0c   0x08000f0c   0x000000aa   Code   RO          814    i.HAL_ADC_PollForConversion  stm32f4xx_hal_adc.o
    0x08000fb6   0x08000fb6   0x00000002   PAD
    0x08000fb8   0x08000fb8   0x000000cc   Code   RO          816    i.HAL_ADC_Start     stm32f4xx_hal_adc.o
    0x08001084   0x08001084   0x00000092   Code   RO         1590    i.HAL_DMA_Abort     stm32f4xx_hal_dma.o
    0x08001116   0x08001116   0x00000024   Code   RO         1591    i.HAL_DMA_Abort_IT  stm32f4xx_hal_dma.o
    0x0800113a   0x0800113a   0x00000002   PAD
    0x0800113c   0x0800113c   0x000001a0   Code   RO         1595    i.HAL_DMA_IRQHandler  stm32f4xx_hal_dma.o
    0x080012dc   0x080012dc   0x000000d4   Code   RO         1596    i.HAL_DMA_Init      stm32f4xx_hal_dma.o
    0x080013b0   0x080013b0   0x00000024   Code   RO         2051    i.HAL_Delay         stm32f4xx_hal.o
    0x080013d4   0x080013d4   0x0000003c   Code   RO          266    i.HAL_GPIO_EXTI_Callback  freertos.o
    0x08001410   0x08001410   0x00000018   Code   RO         1482    i.HAL_GPIO_EXTI_IRQHandler  stm32f4xx_hal_gpio.o
    0x08001428   0x08001428   0x000001e0   Code   RO         1483    i.HAL_GPIO_Init     stm32f4xx_hal_gpio.o
    0x08001608   0x08001608   0x0000000a   Code   RO         1485    i.HAL_GPIO_ReadPin  stm32f4xx_hal_gpio.o
    0x08001612   0x08001612   0x0000000a   Code   RO         1487    i.HAL_GPIO_WritePin  stm32f4xx_hal_gpio.o
    0x0800161c   0x0800161c   0x0000000c   Code   RO         2057    i.HAL_GetTick       stm32f4xx_hal.o
    0x08001628   0x08001628   0x00000188   Code   RO         2313    i.HAL_I2C_Init      stm32f4xx_hal_i2c.o
    0x080017b0   0x080017b0   0x00000094   Code   RO          445    i.HAL_I2C_MspInit   i2c.o
    0x08001844   0x08001844   0x0000005e   Code   RO         2769    i.HAL_IWDG_Init     stm32f4xx_hal_iwdg.o
    0x080018a2   0x080018a2   0x00000002   PAD
    0x080018a4   0x080018a4   0x00000010   Code   RO         2063    i.HAL_IncTick       stm32f4xx_hal.o
    0x080018b4   0x080018b4   0x00000034   Code   RO         2064    i.HAL_Init          stm32f4xx_hal.o
    0x080018e8   0x080018e8   0x00000040   Code   RO         2065    i.HAL_InitTick      stm32f4xx_hal.o
    0x08001928   0x08001928   0x00000038   Code   RO          772    i.HAL_MspInit       stm32f4xx_hal_msp.o
    0x08001960   0x08001960   0x0000001a   Code   RO         1899    i.HAL_NVIC_EnableIRQ  stm32f4xx_hal_cortex.o
    0x0800197a   0x0800197a   0x00000002   PAD
    0x0800197c   0x0800197c   0x00000040   Code   RO         1905    i.HAL_NVIC_SetPriority  stm32f4xx_hal_cortex.o
    0x080019bc   0x080019bc   0x00000024   Code   RO         1906    i.HAL_NVIC_SetPriorityGrouping  stm32f4xx_hal_cortex.o
    0x080019e0   0x080019e0   0x00000024   Code   RO         1907    i.HAL_NVIC_SystemReset  stm32f4xx_hal_cortex.o
    0x08001a04   0x08001a04   0x00000154   Code   RO         1180    i.HAL_RCCEx_PeriphCLKConfig  stm32f4xx_hal_rcc_ex.o
    0x08001b58   0x08001b58   0x00000134   Code   RO         1075    i.HAL_RCC_ClockConfig  stm32f4xx_hal_rcc.o
    0x08001c8c   0x08001c8c   0x00000020   Code   RO         1082    i.HAL_RCC_GetPCLK1Freq  stm32f4xx_hal_rcc.o
    0x08001cac   0x08001cac   0x00000020   Code   RO         1083    i.HAL_RCC_GetPCLK2Freq  stm32f4xx_hal_rcc.o
    0x08001ccc   0x08001ccc   0x00000064   Code   RO         1084    i.HAL_RCC_GetSysClockFreq  stm32f4xx_hal_rcc.o
    0x08001d30   0x08001d30   0x0000036c   Code   RO         1087    i.HAL_RCC_OscConfig  stm32f4xx_hal_rcc.o
    0x0800209c   0x0800209c   0x0000009c   Code   RO         2812    i.HAL_RTC_Init      stm32f4xx_hal_rtc.o
    0x08002138   0x08002138   0x0000003c   Code   RO          517    i.HAL_RTC_MspInit   rtc.o
    0x08002174   0x08002174   0x00000098   Code   RO         2818    i.HAL_RTC_SetDate   stm32f4xx_hal_rtc.o
    0x0800220c   0x0800220c   0x000000c0   Code   RO         2819    i.HAL_RTC_SetTime   stm32f4xx_hal_rtc.o
    0x080022cc   0x080022cc   0x00000038   Code   RO         2820    i.HAL_RTC_WaitForSynchro  stm32f4xx_hal_rtc.o
    0x08002304   0x08002304   0x00000028   Code   RO         1910    i.HAL_SYSTICK_Config  stm32f4xx_hal_cortex.o
    0x0800232c   0x0800232c   0x00000002   Code   RO         3893    i.HAL_TIMEx_BreakCallback  stm32f4xx_hal_tim_ex.o
    0x0800232e   0x0800232e   0x00000002   Code   RO         3894    i.HAL_TIMEx_CommutCallback  stm32f4xx_hal_tim_ex.o
    0x08002330   0x08002330   0x0000007c   Code   RO         3912    i.HAL_TIMEx_MasterConfigSynchronization  stm32f4xx_hal_tim_ex.o
    0x080023ac   0x080023ac   0x0000005a   Code   RO         3189    i.HAL_TIM_Base_Init  stm32f4xx_hal_tim.o
    0x08002406   0x08002406   0x00000002   PAD
    0x08002408   0x08002408   0x000000e0   Code   RO          559    i.HAL_TIM_Base_MspInit  tim.o
    0x080024e8   0x080024e8   0x00000064   Code   RO         3192    i.HAL_TIM_Base_Start  stm32f4xx_hal_tim.o
    0x0800254c   0x0800254c   0x0000006c   Code   RO         3194    i.HAL_TIM_Base_Start_IT  stm32f4xx_hal_tim.o
    0x080025b8   0x080025b8   0x00000026   Code   RO         3195    i.HAL_TIM_Base_Stop  stm32f4xx_hal_tim.o
    0x080025de   0x080025de   0x000000dc   Code   RO         3198    i.HAL_TIM_ConfigClockSource  stm32f4xx_hal_tim.o
    0x080026ba   0x080026ba   0x00000002   Code   RO         3223    i.HAL_TIM_IC_CaptureCallback  stm32f4xx_hal_tim.o
    0x080026bc   0x080026bc   0x00000124   Code   RO         3225    i.HAL_TIM_IC_ConfigChannel  stm32f4xx_hal_tim.o
    0x080027e0   0x080027e0   0x0000005a   Code   RO         3228    i.HAL_TIM_IC_Init   stm32f4xx_hal_tim.o
    0x0800283a   0x0800283a   0x00000002   Code   RO         3230    i.HAL_TIM_IC_MspInit  stm32f4xx_hal_tim.o
    0x0800283c   0x0800283c   0x00000130   Code   RO         3237    i.HAL_TIM_IRQHandler  stm32f4xx_hal_tim.o
    0x0800296c   0x0800296c   0x00000078   Code   RO          560    i.HAL_TIM_MspPostInit  tim.o
    0x080029e4   0x080029e4   0x00000002   Code   RO         3240    i.HAL_TIM_OC_DelayElapsedCallback  stm32f4xx_hal_tim.o
    0x080029e6   0x080029e6   0x000000cc   Code   RO         3261    i.HAL_TIM_PWM_ConfigChannel  stm32f4xx_hal_tim.o
    0x08002ab2   0x08002ab2   0x0000005a   Code   RO         3264    i.HAL_TIM_PWM_Init  stm32f4xx_hal_tim.o
    0x08002b0c   0x08002b0c   0x00000002   Code   RO         3266    i.HAL_TIM_PWM_MspInit  stm32f4xx_hal_tim.o
    0x08002b0e   0x08002b0e   0x00000002   Code   RO         3267    i.HAL_TIM_PWM_PulseFinishedCallback  stm32f4xx_hal_tim.o
    0x08002b10   0x08002b10   0x000000b0   Code   RO         3269    i.HAL_TIM_PWM_Start  stm32f4xx_hal_tim.o
    0x08002bc0   0x08002bc0   0x00000020   Code   RO         5289    i.HAL_TIM_PeriodElapsedCallback  gizwits_product.o
    0x08002be0   0x08002be0   0x00000002   Code   RO         3280    i.HAL_TIM_TriggerCallback  stm32f4xx_hal_tim.o
    0x08002be2   0x08002be2   0x00000002   Code   RO         4172    i.HAL_UARTEx_RxEventCallback  stm32f4xx_hal_uart.o
    0x08002be4   0x08002be4   0x00000002   Code   RO         4186    i.HAL_UART_ErrorCallback  stm32f4xx_hal_uart.o
    0x08002be6   0x08002be6   0x00000002   PAD
    0x08002be8   0x08002be8   0x00000280   Code   RO         4189    i.HAL_UART_IRQHandler  stm32f4xx_hal_uart.o
    0x08002e68   0x08002e68   0x00000064   Code   RO         4190    i.HAL_UART_Init     stm32f4xx_hal_uart.o
    0x08002ecc   0x08002ecc   0x00000140   Code   RO          625    i.HAL_UART_MspInit  usart.o
    0x0800300c   0x0800300c   0x000000b0   Code   RO         4193    i.HAL_UART_Receive  stm32f4xx_hal_uart.o
    0x080030bc   0x080030bc   0x0000001c   Code   RO         4195    i.HAL_UART_Receive_IT  stm32f4xx_hal_uart.o
    0x080030d8   0x080030d8   0x00000040   Code   RO         5290    i.HAL_UART_RxCpltCallback  gizwits_product.o
    0x08003118   0x08003118   0x000000a0   Code   RO         4198    i.HAL_UART_Transmit  stm32f4xx_hal_uart.o
    0x080031b8   0x080031b8   0x00000032   Code   RO         4200    i.HAL_UART_Transmit_IT  stm32f4xx_hal_uart.o
    0x080031ea   0x080031ea   0x00000002   Code   RO         4201    i.HAL_UART_TxCpltCallback  stm32f4xx_hal_uart.o
    0x080031ec   0x080031ec   0x00000002   Code   RO          682    i.HardFault_Handler  stm32f4xx_it.o
    0x080031ee   0x080031ee   0x00000002   PAD
    0x080031f0   0x080031f0   0x00000060   Code   RO          380    i.MX_ADC1_Init      adc.o
    0x08003250   0x08003250   0x0000002c   Code   RO          420    i.MX_DMA_Init       dma.o
    0x0800327c   0x0800327c   0x0000003c   Code   RO          267    i.MX_FREERTOS_Init  freertos.o
    0x080032b8   0x080032b8   0x000000c8   Code   RO          242    i.MX_GPIO_Init      gpio.o
    0x08003380   0x08003380   0x00000040   Code   RO          446    i.MX_I2C3_Init      i2c.o
    0x080033c0   0x080033c0   0x0000002c   Code   RO          486    i.MX_IWDG_Init      iwdg.o
    0x080033ec   0x080033ec   0x00000080   Code   RO          518    i.MX_RTC_Init       rtc.o
    0x0800346c   0x0800346c   0x0000005c   Code   RO          561    i.MX_TIM11_Init     tim.o
    0x080034c8   0x080034c8   0x00000098   Code   RO          562    i.MX_TIM2_Init      tim.o
    0x08003560   0x08003560   0x000000ac   Code   RO          563    i.MX_TIM3_Init      tim.o
    0x0800360c   0x0800360c   0x00000068   Code   RO          564    i.MX_TIM4_Init      tim.o
    0x08003674   0x08003674   0x00000038   Code   RO          626    i.MX_USART1_UART_Init  usart.o
    0x080036ac   0x080036ac   0x00000038   Code   RO          627    i.MX_USART2_UART_Init  usart.o
    0x080036e4   0x080036e4   0x00000038   Code   RO          628    i.MX_USART6_UART_Init  usart.o
    0x0800371c   0x0800371c   0x00000002   Code   RO          683    i.MemManage_Handler  stm32f4xx_it.o
    0x0800371e   0x0800371e   0x00000002   Code   RO          684    i.NMI_Handler       stm32f4xx_it.o
    0x08003720   0x08003720   0x0000003c   Code   RO         4851    i.OLED_Clear        oled.o
    0x0800375c   0x0800375c   0x00000020   Code   RO         4852    i.OLED_ClearPoint   oled.o
    0x0800377c   0x0800377c   0x0000001c   Code   RO         4860    i.OLED_DrawPoint    oled.o
    0x08003798   0x08003798   0x000001f4   Code   RO         4862    i.OLED_Init         oled.o
    0x0800398c   0x0800398c   0x0000004c   Code   RO         4864    i.OLED_Refresh      oled.o
    0x080039d8   0x080039d8   0x0000002c   Code   RO         4866    i.OLED_Set_Pos      oled.o
    0x08003a04   0x08003a04   0x000000ac   Code   RO         4867    i.OLED_ShowChar     oled.o
    0x08003ab0   0x08003ab0   0x00000036   Code   RO         4872    i.OLED_ShowString   oled.o
    0x08003ae6   0x08003ae6   0x00000002   PAD
    0x08003ae8   0x08003ae8   0x00000078   Code   RO         4874    i.OLED_WR_Byte      oled.o
    0x08003b60   0x08003b60   0x00000016   Code   RO         2822    i.RTC_ByteToBcd2    stm32f4xx_hal_rtc.o
    0x08003b76   0x08003b76   0x00000002   PAD
    0x08003b78   0x08003b78   0x00000048   Code   RO         2823    i.RTC_EnterInitMode  stm32f4xx_hal_rtc.o
    0x08003bc0   0x08003bc0   0x0000002a   Code   RO         2824    i.RTC_ExitInitMode  stm32f4xx_hal_rtc.o
    0x08003bea   0x08003bea   0x00000002   PAD
    0x08003bec   0x08003bec   0x0000020c   Code   RO          268    i.StartDefaultTask  freertos.o
    0x08003df8   0x08003df8   0x00000038   Code   RO          269    i.StartTask02       freertos.o
    0x08003e30   0x08003e30   0x00000018   Code   RO          685    i.SysTick_Handler   stm32f4xx_it.o
    0x08003e48   0x08003e48   0x0000009c   Code   RO           14    i.SystemClock_Config  main.o
    0x08003ee4   0x08003ee4   0x00000010   Code   RO         4524    i.SystemInit        system_stm32f4xx.o
    0x08003ef4   0x08003ef4   0x0000000c   Code   RO          686    i.TIM2_IRQHandler   stm32f4xx_it.o
    0x08003f00   0x08003f00   0x000000a0   Code   RO         3282    i.TIM_Base_SetConfig  stm32f4xx_hal_tim.o
    0x08003fa0   0x08003fa0   0x0000001a   Code   RO         3283    i.TIM_CCxChannelCmd  stm32f4xx_hal_tim.o
    0x08003fba   0x08003fba   0x00000014   Code   RO         3293    i.TIM_ETR_SetConfig  stm32f4xx_hal_tim.o
    0x08003fce   0x08003fce   0x00000010   Code   RO         3294    i.TIM_ITRx_SetConfig  stm32f4xx_hal_tim.o
    0x08003fde   0x08003fde   0x00000002   PAD
    0x08003fe0   0x08003fe0   0x00000050   Code   RO         3295    i.TIM_OC1_SetConfig  stm32f4xx_hal_tim.o
    0x08004030   0x08004030   0x00000058   Code   RO         3296    i.TIM_OC2_SetConfig  stm32f4xx_hal_tim.o
    0x08004088   0x08004088   0x00000058   Code   RO         3297    i.TIM_OC3_SetConfig  stm32f4xx_hal_tim.o
    0x080040e0   0x080040e0   0x00000044   Code   RO         3298    i.TIM_OC4_SetConfig  stm32f4xx_hal_tim.o
    0x08004124   0x08004124   0x00000022   Code   RO         3300    i.TIM_TI1_ConfigInputStage  stm32f4xx_hal_tim.o
    0x08004146   0x08004146   0x00000002   PAD
    0x08004148   0x08004148   0x0000006c   Code   RO         3301    i.TIM_TI1_SetConfig  stm32f4xx_hal_tim.o
    0x080041b4   0x080041b4   0x00000024   Code   RO         3302    i.TIM_TI2_ConfigInputStage  stm32f4xx_hal_tim.o
    0x080041d8   0x080041d8   0x00000036   Code   RO         3303    i.TIM_TI2_SetConfig  stm32f4xx_hal_tim.o
    0x0800420e   0x0800420e   0x0000000e   Code   RO         4203    i.UART_DMAAbortOnError  stm32f4xx_hal_uart.o
    0x0800421c   0x0800421c   0x0000004e   Code   RO         4213    i.UART_EndRxTransfer  stm32f4xx_hal_uart.o
    0x0800426a   0x0800426a   0x000000c2   Code   RO         4215    i.UART_Receive_IT   stm32f4xx_hal_uart.o
    0x0800432c   0x0800432c   0x0000010c   Code   RO         4216    i.UART_SetConfig    stm32f4xx_hal_uart.o
    0x08004438   0x08004438   0x00000036   Code   RO         4218    i.UART_Start_Receive_IT  stm32f4xx_hal_uart.o
    0x0800446e   0x0800446e   0x00000072   Code   RO         4219    i.UART_WaitOnFlagUntilTimeout  stm32f4xx_hal_uart.o
    0x080044e0   0x080044e0   0x0000000c   Code   RO          687    i.USART2_IRQHandler  stm32f4xx_it.o
    0x080044ec   0x080044ec   0x0000000c   Code   RO          688    i.USART6_IRQHandler  stm32f4xx_it.o
    0x080044f8   0x080044f8   0x00000002   Code   RO          689    i.UsageFault_Handler  stm32f4xx_it.o
    0x080044fa   0x080044fa   0x00000002   PAD
    0x080044fc   0x080044fc   0x00000020   Code   RO         7132    i.__0printf         mc_w.l(printfa.o)
    0x0800451c   0x0800451c   0x00000028   Code   RO         7134    i.__0sprintf        mc_w.l(printfa.o)
    0x08004544   0x08004544   0x00000020   Code   RO         1912    i.__NVIC_SetPriority  stm32f4xx_hal_cortex.o
    0x08004564   0x08004564   0x0000000e   Code   RO         7210    i.__scatterload_copy  mc_w.l(handlers.o)
    0x08004572   0x08004572   0x00000002   Code   RO         7211    i.__scatterload_null  mc_w.l(handlers.o)
    0x08004574   0x08004574   0x0000000e   Code   RO         7212    i.__scatterload_zeroinit  mc_w.l(handlers.o)
    0x08004582   0x08004582   0x00000002   PAD
    0x08004584   0x08004584   0x00000184   Code   RO         7139    i._fp_digits        mc_w.l(printfa.o)
    0x08004708   0x08004708   0x000006b4   Code   RO         7140    i._printf_core      mc_w.l(printfa.o)
    0x08004dbc   0x08004dbc   0x00000024   Code   RO         7141    i._printf_post_padding  mc_w.l(printfa.o)
    0x08004de0   0x08004de0   0x0000002e   Code   RO         7142    i._printf_pre_padding  mc_w.l(printfa.o)
    0x08004e0e   0x08004e0e   0x0000000a   Code   RO         7144    i._sputc            mc_w.l(printfa.o)
    0x08004e18   0x08004e18   0x0000007c   Code   RO         4563    i.atgm336h_UART_RxCpltCallback  atgm336h.o
    0x08004e94   0x08004e94   0x0000001c   Code   RO         4564    i.atgm336h_init     atgm336h.o
    0x08004eb0   0x08004eb0   0x00000048   Code   RO         4565    i.clrStruct         atgm336h.o
    0x08004ef8   0x08004ef8   0x0000001a   Code   RO         4642    i.delay_ms          delay.o
    0x08004f12   0x08004f12   0x00000002   PAD
    0x08004f14   0x08004f14   0x00000028   Code   RO         4643    i.delay_us          delay.o
    0x08004f3c   0x08004f3c   0x00000018   Code   RO         4566    i.errorLog          atgm336h.o
    0x08004f54   0x08004f54   0x00000010   Code   RO         5097    i.exchangeBytes     common.o
    0x08004f64   0x08004f64   0x00000004   Code   RO         5098    i.exchangeWord      common.o
    0x08004f68   0x08004f68   0x00000018   Code   RO         5291    i.fputc             gizwits_product.o
    0x08004f80   0x08004f80   0x00000058   Code   RO         5036    i.getKey            hal_key.o
    0x08004fd8   0x08004fd8   0x0000009c   Code   RO         5395    i.gizCheckReport    gizwits_protocol.o
    0x08005074   0x08005074   0x00000078   Code   RO         5396    i.gizDataPoints2ReportData  gizwits_protocol.o
    0x080050ec   0x080050ec   0x00000084   Code   RO         5397    i.gizDevReportPolicy  gizwits_protocol.o
    0x08005170   0x08005170   0x0000000c   Code   RO         5292    i.gizGetTimerCount  gizwits_product.o
    0x0800517c   0x0800517c   0x0000005c   Code   RO         5398    i.gizProtocolAckHandle  gizwits_protocol.o
    0x080051d8   0x080051d8   0x0000003c   Code   RO         5399    i.gizProtocolCommonAck  gizwits_protocol.o
    0x08005214   0x08005214   0x00000044   Code   RO         5400    i.gizProtocolErrorCmd  gizwits_protocol.o
    0x08005258   0x08005258   0x00000118   Code   RO         5401    i.gizProtocolGetDeviceInfo  gizwits_protocol.o
    0x08005370   0x08005370   0x00000138   Code   RO         5402    i.gizProtocolGetOnePacket  gizwits_protocol.o
    0x080054a8   0x080054a8   0x00000018   Code   RO         5403    i.gizProtocolHeadInit  gizwits_protocol.o
    0x080054c0   0x080054c0   0x000000ae   Code   RO         5404    i.gizProtocolIssuedDataAck  gizwits_protocol.o
    0x0800556e   0x0800556e   0x00000002   PAD
    0x08005570   0x08005570   0x000000a4   Code   RO         5405    i.gizProtocolIssuedProcess  gizwits_protocol.o
    0x08005614   0x08005614   0x000001a0   Code   RO         5406    i.gizProtocolModuleStatus  gizwits_protocol.o
    0x080057b4   0x080057b4   0x00000058   Code   RO         5407    i.gizProtocolNTP    gizwits_protocol.o
    0x0800580c   0x0800580c   0x00000024   Code   RO         5099    i.gizProtocolSum    common.o
    0x08005830   0x08005830   0x00000040   Code   RO         5408    i.gizProtocolWaitAck  gizwits_protocol.o
    0x08005870   0x08005870   0x00000028   Code   RO         5409    i.gizProtocolWaitAckCheck  gizwits_protocol.o
    0x08005898   0x08005898   0x00000020   Code   RO         5410    i.gizPutData        gizwits_protocol.o
    0x080058b8   0x080058b8   0x00000074   Code   RO         5411    i.gizReportData     gizwits_protocol.o
    0x0800592c   0x0800592c   0x00000010   Code   RO         5293    i.gizTimerMs        gizwits_product.o
    0x0800593c   0x0800593c   0x00000008   Code   RO         5175    i.gizY2X            datapointtools.o
    0x08005944   0x08005944   0x00000012   Code   RO         5176    i.gizY2XFloat       datapointtools.o
    0x08005956   0x08005956   0x0000001c   Code   RO         5294    i.gizwitsEventProcess  gizwits_product.o
    0x08005972   0x08005972   0x00000002   PAD
    0x08005974   0x08005974   0x000001e8   Code   RO         5414    i.gizwitsHandle     gizwits_protocol.o
    0x08005b5c   0x08005b5c   0x00000028   Code   RO         5415    i.gizwitsInit       gizwits_protocol.o
    0x08005b84   0x08005b84   0x0000007e   Code   RO         5037    i.keyHandle         hal_key.o
    0x08005c02   0x08005c02   0x00000046   Code   RO           15    i.main              main.o
    0x08005c48   0x08005c48   0x0000000c   Code   RO         6366    i.makeFreeRtosPriority  cmsis_os.o
    0x08005c54   0x08005c54   0x0000000a   Code   RO         5295    i.mcuRestart        gizwits_product.o
    0x08005c5e   0x08005c5e   0x0000000e   Code   RO         6368    i.osDelay           cmsis_os.o
    0x08005c6c   0x08005c6c   0x0000000a   Code   RO         6371    i.osKernelStart     cmsis_os.o
    0x08005c76   0x08005c76   0x00000054   Code   RO         6405    i.osThreadCreate    cmsis_os.o
    0x08005cca   0x08005cca   0x00000002   PAD
    0x08005ccc   0x08005ccc   0x00000270   Code   RO         4567    i.parseGpsBuffer    atgm336h.o
    0x08005f3c   0x08005f3c   0x00000070   Code   RO         6045    i.prvAddCurrentTaskToDelayedList  tasks.o
    0x08005fac   0x08005fac   0x000000d0   Code   RO         6046    i.prvAddNewTaskToReadyList  tasks.o
    0x0800607c   0x0800607c   0x00000034   Code   RO         6047    i.prvDeleteTCB      tasks.o
    0x080060b0   0x080060b0   0x0000004c   Code   RO         6736    i.prvHeapInit       heap_4.o
    0x080060fc   0x080060fc   0x00000060   Code   RO         6048    i.prvIdleTask       tasks.o
    0x0800615c   0x0800615c   0x00000098   Code   RO         6049    i.prvInitialiseNewTask  tasks.o
    0x080061f4   0x080061f4   0x0000004c   Code   RO         6737    i.prvInsertBlockIntoFreeList  heap_4.o
    0x08006240   0x08006240   0x00000020   Code   RO         6050    i.prvResetNextTaskUnblockTime  tasks.o
    0x08006260   0x08006260   0x00000028   Code   RO         6804    i.prvTaskExitError  port.o
    0x08006288   0x08006288   0x000000dc   Code   RO         6738    i.pvPortMalloc      heap_4.o
    0x08006364   0x08006364   0x0000002c   Code   RO         6805    i.pxPortInitialiseStack  port.o
    0x08006390   0x08006390   0x00000030   Code   RO         5236    i.rbCanRead         ringbuffer.o
    0x080063c0   0x080063c0   0x0000001c   Code   RO         5237    i.rbCanWrite        ringbuffer.o
    0x080063dc   0x080063dc   0x0000000c   Code   RO         5238    i.rbCapacity        ringbuffer.o
    0x080063e8   0x080063e8   0x00000012   Code   RO         5239    i.rbCreate          ringbuffer.o
    0x080063fa   0x080063fa   0x00000086   Code   RO         5241    i.rbRead            ringbuffer.o
    0x08006480   0x08006480   0x00000094   Code   RO         5242    i.rbWrite           ringbuffer.o
    0x08006514   0x08006514   0x00000088   Code   RO         5040    i.readKeyValue      hal_key.o
    0x0800659c   0x0800659c   0x0000000c   Code   RO         5296    i.timerInit         gizwits_product.o
    0x080065a8   0x080065a8   0x00000014   Code   RO         5297    i.uartInit          gizwits_product.o
    0x080065bc   0x080065bc   0x0000006c   Code   RO         5298    i.uartWrite         gizwits_product.o
    0x08006628   0x08006628   0x00000030   Code   RO         5299    i.userHandle        gizwits_product.o
    0x08006658   0x08006658   0x0000003c   Code   RO         5300    i.userInit          gizwits_product.o
    0x08006694   0x08006694   0x00000026   Code   RO         5681    i.uxListRemove      list.o
    0x080066ba   0x080066ba   0x00000002   PAD
    0x080066bc   0x080066bc   0x00000014   Code   RO          270    i.vApplicationGetIdleTaskMemory  freertos.o
    0x080066d0   0x080066d0   0x00000016   Code   RO         5682    i.vListInitialise   list.o
    0x080066e6   0x080066e6   0x00000006   Code   RO         5683    i.vListInitialiseItem  list.o
    0x080066ec   0x080066ec   0x00000030   Code   RO         5684    i.vListInsert       list.o
    0x0800671c   0x0800671c   0x00000018   Code   RO         5685    i.vListInsertEnd    list.o
    0x08006734   0x08006734   0x00000040   Code   RO         6807    i.vPortEnterCritical  port.o
    0x08006774   0x08006774   0x00000028   Code   RO         6808    i.vPortExitCritical  port.o
    0x0800679c   0x0800679c   0x00000064   Code   RO         6739    i.vPortFree         heap_4.o
    0x08006800   0x08006800   0x00000024   Code   RO         6809    i.vPortSetupTimerInterrupt  port.o
    0x08006824   0x08006824   0x0000004c   Code   RO         6059    i.vTaskDelay        tasks.o
    0x08006870   0x08006870   0x0000006c   Code   RO         6072    i.vTaskStartScheduler  tasks.o
    0x080068dc   0x080068dc   0x00000010   Code   RO         6074    i.vTaskSuspendAll   tasks.o
    0x080068ec   0x080068ec   0x0000005c   Code   RO         6075    i.vTaskSwitchContext  tasks.o
    0x08006948   0x08006948   0x000000f4   Code   RO         6811    i.xPortStartScheduler  port.o
    0x08006a3c   0x08006a3c   0x0000002c   Code   RO         6812    i.xPortSysTickHandler  port.o
    0x08006a68   0x08006a68   0x0000005a   Code   RO         6078    i.xTaskCreate       tasks.o
    0x08006ac2   0x08006ac2   0x00000056   Code   RO         6079    i.xTaskCreateStatic  tasks.o
    0x08006b18   0x08006b18   0x0000001c   Code   RO         6083    i.xTaskGetSchedulerState  tasks.o
    0x08006b34   0x08006b34   0x000000cc   Code   RO         6086    i.xTaskIncrementTick  tasks.o
    0x08006c00   0x08006c00   0x000000c4   Code   RO         6092    i.xTaskResumeAll    tasks.o
    0x08006cc4   0x08006cc4   0x00000038   Data   RO          273    .constdata          freertos.o
    0x08006cfc   0x08006cfc   0x00000008   Data   RO         1602    .constdata          stm32f4xx_hal_dma.o
    0x08006d04   0x08006d04   0x00000010   Data   RO         4525    .constdata          system_stm32f4xx.o
    0x08006d14   0x08006d14   0x00000008   Data   RO         4526    .constdata          system_stm32f4xx.o
    0x08006d1c   0x08006d1c   0x000017c0   Data   RO         4877    .constdata          oled.o
    0x080084dc   0x080084dc   0x00000018   Data   RO          274    .conststring        freertos.o
    0x080084f4   0x080084f4   0x00000020   Data   RO         7208    Region$$Table       anon$$obj.o


    Execution Region RW_IRAM1 (Exec base: 0x20000000, Load base: 0x08008514, Size: 0x00004e90, Max: 0x00020000, ABSOLUTE)

    Exec Addr    Load Addr    Size         Type   Attr      Idx    E Section Name        Object

    0x20000000   0x08008514   0x0000001c   Data   RW          275    .data               freertos.o
    0x2000001c   0x08008530   0x00000005   Data   RW          276    .data               freertos.o
    0x20000021   0x08008535   0x00000003   PAD
    0x20000024   0x08008538   0x0000000c   Data   RW         2071    .data               stm32f4xx_hal.o
    0x20000030   0x08008544   0x00000004   Data   RW         4527    .data               system_stm32f4xx.o
    0x20000034   0x08008548   0x00000008   Data   RW         4570    .data               atgm336h.o
    0x2000003c   0x08008550   0x0000000a   Data   RW         5041    .data               hal_key.o
    0x20000046   0x0800855a   0x00000002   PAD
    0x20000048   0x0800855c   0x00000008   Data   RW         5302    .data               gizwits_product.o
    0x20000050   0x08008564   0x00000010   Data   RW         5419    .data               gizwits_protocol.o
    0x20000060   0x08008574   0x0000003c   Data   RW         6095    .data               tasks.o
    0x2000009c   0x080085b0   0x00000020   Data   RW         6745    .data               heap_4.o
    0x200000bc   0x080085d0   0x0000000c   Data   RW         6813    .data               port.o
    0x200000c8   0x080085dc   0x00000004   Data   RW         7186    .data               mc_w.l(stdout.o)
    0x200000cc        -       0x00000254   Zero   RW          272    .bss                freertos.o
    0x20000320        -       0x000000a8   Zero   RW          381    .bss                adc.o
    0x200003c8        -       0x00000054   Zero   RW          447    .bss                i2c.o
    0x2000041c        -       0x0000000c   Zero   RW          487    .bss                iwdg.o
    0x20000428        -       0x00000020   Zero   RW          519    .bss                rtc.o
    0x20000448        -       0x00000120   Zero   RW          565    .bss                tim.o
    0x20000568        -       0x000000d8   Zero   RW          629    .bss                usart.o
    0x20000640        -       0x0000014d   Zero   RW         4569    .bss                atgm336h.o
    0x2000078d        -       0x00000400   Zero   RW         4876    .bss                oled.o
    0x20000b8d        -       0x00000010   Zero   RW         5301    .bss                gizwits_product.o
    0x20000b9d   0x080085e0   0x00000003   PAD
    0x20000ba0        -       0x00000200   Zero   RW         5418    .bss                gizwits_protocol.o
    0x20000da0        -       0x000000f0   Zero   RW         6094    .bss                tasks.o
    0x20000e90        -       0x00003c00   Zero   RW         6744    .bss                heap_4.o
    0x20004a90        -       0x00000400   Zero   RW            1    STACK               startup_stm32f411xe.o


==============================================================================

Image component sizes


      Code (inc. data)   RO Data    RW Data    ZI Data      Debug   Object Name

       248         34          0          0        168       1751   adc.o
       872         70          0          8        333       6203   atgm336h.o
       120          0          0          0          0      25665   cmsis_os.o
        56          0          0          0          0       3500   common.o
         0          0          0          0          0       7384   croutine.o
        26          0          0          0          0       1219   datapointtools.o
        66          4          0          0          0       2722   delay.o
       500         38          0          0          0       4943   dht11.o
        44          4          0          0          0        762   dma.o
         0          0          0          0          0      19328   event_groups.o
       720        120         80         33        596      10150   freertos.o
       434        108          0          8         16      19317   gizwits_product.o
      2866        228          0         16        512      16541   gizwits_protocol.o
       200         16          0          0          0        979   gpio.o
       350         10          0         10          0       4235   hal_key.o
       472         24          0         32      15360       7367   heap_4.o
       212         32          0          0         84       1705   i2c.o
        44          8          0          0         12        711   iwdg.o
       138          0          0          0          0       3506   list.o
       230         10          0          0          0     482512   main.o
      1086         52       6080          0       1024       8728   oled.o
       702         72          0         12          0      10932   port.o
       388          0          0          0          0       4762   ringbuffer.o
       188         16          0          0         32       1675   rtc.o
        36          8        408          0       1024        828   startup_stm32f411xe.o
       180         28          0         12          0       9217   stm32f4xx_hal.o
      1116         50          0          0          0       5190   stm32f4xx_hal_adc.o
       234         24          0          0          0      34390   stm32f4xx_hal_cortex.o
       934         16          8          0          0       5575   stm32f4xx_hal_dma.o
       524         40          0          0          0       3426   stm32f4xx_hal_gpio.o
       392         16          0          0          0       3211   stm32f4xx_hal_i2c.o
        94          0          0          0          0       1304   stm32f4xx_hal_iwdg.o
        56          4          0          0          0        854   stm32f4xx_hal_msp.o
      1348         76          0          0          0       5224   stm32f4xx_hal_rcc.o
       340         26          0          0          0       1388   stm32f4xx_hal_rcc_ex.o
       692         24          0          0          0       6073   stm32f4xx_hal_rtc.o
      2502        132          0          0          0      21917   stm32f4xx_hal_tim.o
       128         20          0          0          0       2465   stm32f4xx_hal_tim_ex.o
      1882         14          0          0          0      13250   stm32f4xx_hal_uart.o
        90         24          0          0          0       5600   stm32f4xx_it.o
         0          0          0          0          0        384   stream_buffer.o
        16          4         24          4          0       1111   system_stm32f4xx.o
      1548        118          0         60        240      20019   tasks.o
       864         64          0          0        288       4761   tim.o
         0          0          0          0          0       2484   timers.o
       488         48          0          0        216       3156   usart.o

    ----------------------------------------------------------------------
     23468       1582       6632        200      19908     798424   Object Totals
         0          0         32          0          0          0   (incl. Generated)
        42          0          0          5          3          0   (incl. Padding)

    ----------------------------------------------------------------------

      Code (inc. data)   RO Data    RW Data    ZI Data      Debug   Library Member Name

         0          0          0          0          0          0   entry.o
         0          0          0          0          0          0   entry10a.o
         0          0          0          0          0          0   entry11a.o
         4          0          0          0          0          0   entry12b.o
         8          4          0          0          0          0   entry2.o
         4          0          0          0          0          0   entry5.o
         0          0          0          0          0          0   entry7b.o
         0          0          0          0          0          0   entry8b.o
         8          4          0          0          0          0   entry9a.o
        30          0          0          0          0          0   handlers.o
        36          8          0          0          0         68   init.o
         0          0          0          0          0          0   iusefp.o
        30          0          0          0          0         68   llshl.o
        36          0          0          0          0         68   llsshr.o
        32          0          0          0          0         68   llushr.o
        36          0          0          0          0         68   memcpya.o
        36          0          0          0          0        108   memseta.o
      2268         96          0          0          0        616   printfa.o
         0          0          0          4          0          0   stdout.o
        36          0          0          0          0         80   strstr.o
        44          0          0          0          0         80   uidiv.o
        98          0          0          0          0         92   uldiv.o
        48          0          0          0          0         68   cdrcmple.o
        56          0          0          0          0         88   d2f.o
       334          0          0          0          0        148   dadd.o
       222          0          0          0          0        100   ddiv.o
       186          0          0          0          0        176   depilogue.o
        48          0          0          0          0         68   dfixul.o
        26          0          0          0          0         76   dfltui.o
       228          0          0          0          0         96   dmul.o
       110          0          0          0          0        168   fepilogue.o

    ----------------------------------------------------------------------
      3968        112          0          4          0       2304   Library Totals
         4          0          0          0          0          0   (incl. Padding)

    ----------------------------------------------------------------------

      Code (inc. data)   RO Data    RW Data    ZI Data      Debug   Library Name

      2706        112          0          4          0       1316   mc_w.l
      1258          0          0          0          0        988   mf_w.l

    ----------------------------------------------------------------------
      3968        112          0          4          0       2304   Library Totals

    ----------------------------------------------------------------------

==============================================================================


      Code (inc. data)   RO Data    RW Data    ZI Data      Debug   

     27436       1694       6632        204      19908     777136   Grand Totals
     27436       1694       6632        204      19908     777136   ELF Image Totals
     27436       1694       6632        204          0          0   ROM Totals

==============================================================================

    Total RO  Size (Code + RO Data)                34068 (  33.27kB)
    Total RW  Size (RW Data + ZI Data)             20112 (  19.64kB)
    Total ROM Size (Code + RO Data + RW Data)      34272 (  33.47kB)

==============================================================================

